Archive member included to satisfy reference by file (symbol)

c:/program files (x86)/atmel/studio/7.0/toolchain/arm/arm-gnu-toolchain/bin/../lib/gcc/arm-none-eabi/6.3.1/../../../../arm-none-eabi/lib/thumb/v7e-m\libc.a(lib_a-exit.o)
                              c:/program files (x86)/atmel/studio/7.0/toolchain/arm/arm-gnu-toolchain/bin/../lib/gcc/arm-none-eabi/6.3.1/../../../../arm-none-eabi/lib/thumb/v7e-m/crt0.o (exit)
c:/program files (x86)/atmel/studio/7.0/toolchain/arm/arm-gnu-toolchain/bin/../lib/gcc/arm-none-eabi/6.3.1/../../../../arm-none-eabi/lib/thumb/v7e-m\libc.a(lib_a-impure.o)
                              c:/program files (x86)/atmel/studio/7.0/toolchain/arm/arm-gnu-toolchain/bin/../lib/gcc/arm-none-eabi/6.3.1/../../../../arm-none-eabi/lib/thumb/v7e-m\libc.a(lib_a-exit.o) (_global_impure_ptr)
c:/program files (x86)/atmel/studio/7.0/toolchain/arm/arm-gnu-toolchain/bin/../lib/gcc/arm-none-eabi/6.3.1/../../../../arm-none-eabi/lib/thumb/v7e-m\libc.a(lib_a-init.o)
                              c:/program files (x86)/atmel/studio/7.0/toolchain/arm/arm-gnu-toolchain/bin/../lib/gcc/arm-none-eabi/6.3.1/../../../../arm-none-eabi/lib/thumb/v7e-m/crt0.o (__libc_init_array)
c:/program files (x86)/atmel/studio/7.0/toolchain/arm/arm-gnu-toolchain/bin/../lib/gcc/arm-none-eabi/6.3.1/../../../../arm-none-eabi/lib/thumb/v7e-m\libc.a(lib_a-memset.o)
                              c:/program files (x86)/atmel/studio/7.0/toolchain/arm/arm-gnu-toolchain/bin/../lib/gcc/arm-none-eabi/6.3.1/../../../../arm-none-eabi/lib/thumb/v7e-m/crt0.o (memset)
c:/program files (x86)/atmel/studio/7.0/toolchain/arm/arm-gnu-toolchain/bin/../lib/gcc/arm-none-eabi/6.3.1/../../../../arm-none-eabi/lib/thumb/v7e-m\libc.a(lib_a-__call_atexit.o)
                              c:/program files (x86)/atmel/studio/7.0/toolchain/arm/arm-gnu-toolchain/bin/../lib/gcc/arm-none-eabi/6.3.1/../../../../arm-none-eabi/lib/thumb/v7e-m\libc.a(lib_a-exit.o) (__call_exitprocs)
c:/program files (x86)/atmel/studio/7.0/toolchain/arm/arm-gnu-toolchain/bin/../lib/gcc/arm-none-eabi/6.3.1/../../../../arm-none-eabi/lib/thumb/v7e-m\libc.a(lib_a-atexit.o)
                              c:/program files (x86)/atmel/studio/7.0/toolchain/arm/arm-gnu-toolchain/bin/../lib/gcc/arm-none-eabi/6.3.1/../../../../arm-none-eabi/lib/thumb/v7e-m\libc.a(lib_a-__call_atexit.o) (atexit)
c:/program files (x86)/atmel/studio/7.0/toolchain/arm/arm-gnu-toolchain/bin/../lib/gcc/arm-none-eabi/6.3.1/../../../../arm-none-eabi/lib/thumb/v7e-m\libc.a(lib_a-fini.o)
                              c:/program files (x86)/atmel/studio/7.0/toolchain/arm/arm-gnu-toolchain/bin/../lib/gcc/arm-none-eabi/6.3.1/../../../../arm-none-eabi/lib/thumb/v7e-m\libc.a(lib_a-__call_atexit.o) (__libc_fini_array)
c:/program files (x86)/atmel/studio/7.0/toolchain/arm/arm-gnu-toolchain/bin/../lib/gcc/arm-none-eabi/6.3.1/../../../../arm-none-eabi/lib/thumb/v7e-m\libc.a(lib_a-lock.o)
                              c:/program files (x86)/atmel/studio/7.0/toolchain/arm/arm-gnu-toolchain/bin/../lib/gcc/arm-none-eabi/6.3.1/../../../../arm-none-eabi/lib/thumb/v7e-m\libc.a(lib_a-__call_atexit.o) (__retarget_lock_acquire_recursive)
c:/program files (x86)/atmel/studio/7.0/toolchain/arm/arm-gnu-toolchain/bin/../lib/gcc/arm-none-eabi/6.3.1/../../../../arm-none-eabi/lib/thumb/v7e-m\libc.a(lib_a-__atexit.o)
                              c:/program files (x86)/atmel/studio/7.0/toolchain/arm/arm-gnu-toolchain/bin/../lib/gcc/arm-none-eabi/6.3.1/../../../../arm-none-eabi/lib/thumb/v7e-m\libc.a(lib_a-atexit.o) (__register_exitproc)

Allocating common symbols
Common symbol       size              file

__lock___atexit_recursive_mutex
                    0x1               c:/program files (x86)/atmel/studio/7.0/toolchain/arm/arm-gnu-toolchain/bin/../lib/gcc/arm-none-eabi/6.3.1/../../../../arm-none-eabi/lib/thumb/v7e-m\libc.a(lib_a-lock.o)
__lock___arc4random_mutex
                    0x1               c:/program files (x86)/atmel/studio/7.0/toolchain/arm/arm-gnu-toolchain/bin/../lib/gcc/arm-none-eabi/6.3.1/../../../../arm-none-eabi/lib/thumb/v7e-m\libc.a(lib_a-lock.o)
__lock___env_recursive_mutex
                    0x1               c:/program files (x86)/atmel/studio/7.0/toolchain/arm/arm-gnu-toolchain/bin/../lib/gcc/arm-none-eabi/6.3.1/../../../../arm-none-eabi/lib/thumb/v7e-m\libc.a(lib_a-lock.o)
__lock___sinit_recursive_mutex
                    0x1               c:/program files (x86)/atmel/studio/7.0/toolchain/arm/arm-gnu-toolchain/bin/../lib/gcc/arm-none-eabi/6.3.1/../../../../arm-none-eabi/lib/thumb/v7e-m\libc.a(lib_a-lock.o)
__lock___malloc_recursive_mutex
                    0x1               c:/program files (x86)/atmel/studio/7.0/toolchain/arm/arm-gnu-toolchain/bin/../lib/gcc/arm-none-eabi/6.3.1/../../../../arm-none-eabi/lib/thumb/v7e-m\libc.a(lib_a-lock.o)
pio_capture_enable_flag
                    0x4               src/ASF/sam/drivers/pio/pio.o
__lock___at_quick_exit_mutex
[...]
Memory Configuration

Name             Origin             Length             Attributes
rom              0x00400000         0x00200000         xr
ram              0x20400000         0x00060000         xrw
*default*        0x00000000         0xffffffff

Linker script and memory map

LOAD c:/program files (x86)/atmel/studio/7.0/toolchain/arm/arm-gnu-toolchain/bin/../lib/gcc/arm-none-eabi/6.3.1/thumb/v7e-m/crti.o
LOAD c:/program files (x86)/atmel/studio/7.0/toolchain/arm/arm-gnu-toolchain/bin/../lib/gcc/arm-none-eabi/6.3.1/thumb/v7e-m/crtbegin.o
LOAD c:/program files (x86)/atmel/studio/7.0/toolchain/arm/arm-gnu-toolchain/bin/../lib/gcc/arm-none-eabi/6.3.1/../../../../arm-none-eabi/lib/thumb/v7e-m/crt0.o
LOAD src/ASF/sam/drivers/rtc/rtc.o
LOAD src/ASF/sam/drivers/rtt/rtt.o
LOAD src/ASF/sam/drivers/spi/spi.o
LOAD src/ASF/sam/drivers/tc/tc.o
LOAD src/oled/gfx_mono_framebuffer.o
LOAD src/oled/gfx_mono_generic.o
LOAD src/oled/gfx_mono_text.o
LOAD src/oled/gfx_mono_ug_2832hsweg04.o
LOAD src/oled/ssd1306.o
LOAD src/oled/sysfont.o
LOAD src/ASF/common/services/delay/sam/cycle_counter.o
LOAD src/ASF/common/services/clock/same70/sysclk.o
LOAD src/ASF/common/utils/interrupt/interrupt_sam_nvic.o
LOAD src/ASF/sam/boards/same70_xplained/init.o
LOAD src/ASF/sam/drivers/mpu/mpu.o
LOAD src/ASF/sam/drivers/pio/pio.o
LOAD src/ASF/sam/drivers/pio/pio_handler.o
LOAD src/ASF/sam/drivers/pmc/pmc.o
LOAD src/ASF/sam/drivers/pmc/sleep.o
LOAD src/ASF/sam/utils/cmsis/same70/source/templates/gcc/startup_same70.o
LOAD src/ASF/sam/utils/cmsis/same70/source/templates/system_same70.o
LOAD src/ASF/sam/utils/syscalls/gcc/syscalls.o
LOAD src/main.o
START GROUP
LOAD ../src/ASF/thirdparty/CMSIS/Lib/GCC\libarm_cortexM7lfsp_math_softfp.a
LOAD c:/program files (x86)/atmel/studio/7.0/toolchain/arm/arm-gnu-toolchain/bin/../lib/gcc/arm-none-eabi/6.3.1/../../../../arm-none-eabi/lib/thumb/v7e-m\libm.a
END GROUP
START GROUP
LOAD c:/program files (x86)/atmel/studio/7.0/toolchain/arm/arm-gnu-toolchain/bin/../lib/gcc/arm-none-eabi/6.3.1/thumb/v7e-m\libgcc.a
LOAD c:/program files (x86)/atmel/studio/7.0/toolchain/arm/arm-gnu-toolchain/bin/../lib/gcc/arm-none-eabi/6.3.1/../../../../arm-none-eabi/lib/thumb/v7e-m\libc.a
END GROUP
LOAD c:/program files (x86)/atmel/studio/7.0/toolchain/arm/arm-gnu-toolchain/bin/../lib/gcc/arm-none-eabi/6.3.1/thumb/v7e-m/crtend.o
LOAD c:/program files (x86)/atmel/studio/7.0/toolchain/arm/arm-gnu-toolchain/bin/../lib/gcc/arm-none-eabi/6.3.1/thumb/v7e-m/crtn.o
                0x00002000                STACK_SIZE = DEFINED (STACK_SIZE)?STACK_SIZE:0x2000
                0x2045fffc                __ram_end__ = ((ORIGIN (ram) + LENGTH (ram)) - 0x4)
                0x00000200                HEAP_SIZE = DEFINED (HEAP_SIZE)?HEAP_SIZE:0x200

.text           0x00400000     0x1bc4
                0x00400000                . = ALIGN (0x4)
                0x00400000                _sfixed = .
 *(.vectors .vectors.*)
 .vectors       0x00400000      0x140 src/ASF/sam/utils/cmsis/same70/source/templates/gcc/startup_same70.o
                0x00400000                exception_table
 *(.text .text.* .gnu.linkonce.t.*)
 .text          0x00400140       0x6c c:/program files (x86)/atmel/studio/7.0/toolchain/arm/arm-gnu-toolchain/bin/../lib/gcc/arm-none-eabi/6.3.1/thumb/v7e-m/crtbegin.o
 .text.rtc_set_hour_mode
                0x004001ac       0x16 src/ASF/sam/drivers/rtc/rtc.o
                0x004001ac                rtc_set_hour_mode
 .text.rtc_enable_interrupt
                0x004001c2        0x4 src/ASF/sam/drivers/rtc/rtc.o
                0x004001c2                rtc_enable_interrupt
 .text.rtc_get_time
                0x004001c6       0x5a src/ASF/sam/drivers/rtc/rtc.o
                0x004001c6                rtc_get_time
 .text.rtc_set_time
                0x00400220       0x90 src/ASF/sam/drivers/rtc/rtc.o
                0x00400220                rtc_set_time
 .text.rtc_set_time_alarm
                0x004002b0       0x94 src/ASF/sam/drivers/rtc/rtc.o
                0x004002b0                rtc_set_time_alarm
 .text.rtc_get_date
                0x00400344       0x72 src/ASF/sam/drivers/rtc/rtc.o
                0x00400344                rtc_get_date
 *fill*         0x004003b6        0x2 
 .text.rtc_set_date
                0x004003b8       0xb8 src/ASF/sam/drivers/rtc/rtc.o
                0x004003b8                rtc_set_date
 .text.rtc_set_date_alarm
                0x00400470       0x60 src/ASF/sam/drivers/rtc/rtc.o
                0x00400470                rtc_set_date_alarm
 .text.rtc_get_status
                0x004004d0        0x4 src/ASF/sam/drivers/rtc/rtc.o
                0x004004d0                rtc_get_status
 .text.rtc_clear_status
                0x004004d4        0x4 src/ASF/sam/drivers/rtc/rtc.o
                0x004004d4                rtc_clear_status
 .text.rtt_init
                0x004004d8       0x14 src/ASF/sam/drivers/rtt/rtt.o
                0x004004d8                rtt_init
 .text.rtt_sel_source
                0x004004ec       0x2c src/ASF/sam/drivers/rtt/rtt.o
                0x004004ec                rtt_sel_source
 .text.rtt_enable_interrupt
                0x00400518       0x14 src/ASF/sam/drivers/rtt/rtt.o
                0x00400518                rtt_enable_interrupt
 .text.rtt_get_status
                0x0040052c        0x4 src/ASF/sam/drivers/rtt/rtt.o
                0x0040052c                rtt_get_status
 .text.spi_enable_clock
                0x00400530       0x2c src/ASF/sam/drivers/spi/spi.o
                0x00400530                spi_enable_clock
 .text.spi_set_peripheral_chip_select_value
                0x0040055c       0x16 src/ASF/sam/drivers/spi/spi.o
                0x0040055c                spi_set_peripheral_chip_select_value
 .text.spi_write
                0x00400572       0x34 src/ASF/sam/drivers/spi/spi.o
                0x00400572                spi_write
 .text.spi_set_clock_polarity
                0x004005a6       0x1e src/ASF/sam/drivers/spi/spi.o
                0x004005a6                spi_set_clock_polarity
 .text.spi_set_clock_phase
                0x004005c4       0x1e src/ASF/sam/drivers/spi/spi.o
                0x004005c4                spi_set_clock_phase
 .text.spi_configure_cs_behavior
                0x004005e2       0x46 src/ASF/sam/drivers/spi/spi.o
                0x004005e2                spi_configure_cs_behavior
 .text.spi_set_bits_per_transfer
                0x00400628       0x14 src/ASF/sam/drivers/spi/spi.o
                0x00400628                spi_set_bits_per_transfer
 .text.spi_calc_baudrate_div
                0x0040063c       0x16 src/ASF/sam/drivers/spi/spi.o
                0x0040063c                spi_calc_baudrate_div
 .text.spi_set_baudrate_div
                0x00400652       0x28 src/ASF/sam/drivers/spi/spi.o
                0x00400652                spi_set_baudrate_div
 .text.tc_init  0x0040067a       0x1a src/ASF/sam/drivers/tc/tc.o
                0x0040067a                tc_init
 .text.tc_start
                0x00400694        0x8 src/ASF/sam/drivers/tc/tc.o
                0x00400694                tc_start
 .text.tc_write_rc
                0x0040069c        0x8 src/ASF/sam/drivers/tc/tc.o
                0x0040069c                tc_write_rc
 .text.tc_enable_interrupt
                0x004006a4        0x8 src/ASF/sam/drivers/tc/tc.o
                0x004006a4                tc_enable_interrupt
 .text.tc_get_status
                0x004006ac        0x8 src/ASF/sam/drivers/tc/tc.o
                0x004006ac                tc_get_status
 .text.tc_find_mck_divisor
                0x004006b4       0x70 src/ASF/sam/drivers/tc/tc.o
                0x004006b4                tc_find_mck_divisor
 .text.gfx_mono_set_framebuffer
                0x00400724        0xc src/oled/gfx_mono_framebuffer.o
                0x00400724                gfx_mono_set_framebuffer
 .text.gfx_mono_framebuffer_put_byte
                0x00400730       0x10 src/oled/gfx_mono_framebuffer.o
                0x00400730                gfx_mono_framebuffer_put_byte
 .text.gfx_mono_framebuffer_get_byte
                0x00400740       0x10 src/oled/gfx_mono_framebuffer.o
                0x00400740                gfx_mono_framebuffer_get_byte
 .text.gfx_mono_ssd1306_put_byte
                0x00400750       0x50 src/oled/gfx_mono_ug_2832hsweg04.o
                0x00400750                gfx_mono_ssd1306_put_byte
 .text.gfx_mono_ssd1306_init
                0x004007a0       0x50 src/oled/gfx_mono_ug_2832hsweg04.o
                0x004007a0                gfx_mono_ssd1306_init
 .text.ssd1306_write_command
                0x004007f0       0x40 src/oled/ssd1306.o
                0x004007f0                ssd1306_write_command
 .text.ssd1306_init
                0x00400830      0x1e0 src/oled/ssd1306.o
                0x00400830                ssd1306_init
 .text.ssd1306_write_data
                0x00400a10       0x40 src/oled/ssd1306.o
                0x00400a10                ssd1306_write_data
 .text.sysclk_init
                0x00400a50       0x70 src/ASF/common/services/clock/same70/sysclk.o
                0x00400a50                sysclk_init
 .text.board_init
                0x00400ac0      0x140 src/ASF/sam/boards/same70_xplained/init.o
                0x00400ac0                board_init
 .text.pio_pull_up
                0x00400c00        0xa src/ASF/sam/drivers/pio/pio.o
                0x00400c00                pio_pull_up
 .text.pio_set  0x00400c0a        0x4 src/ASF/sam/drivers/pio/pio.o
                0x00400c0a                pio_set
 .text.pio_clear
                0x00400c0e        0x4 src/ASF/sam/drivers/pio/pio.o
                0x00400c0e                pio_clear
 .text.pio_set_peripheral
                0x00400c12       0x92 src/ASF/sam/drivers/pio/pio.o
                0x00400c12                pio_set_peripheral
 .text.pio_set_input
                0x00400ca4       0x36 src/ASF/sam/drivers/pio/pio.o
                0x00400ca4                pio_set_input
 .text.pio_set_output
                0x00400cda       0x28 src/ASF/sam/drivers/pio/pio.o
                0x00400cda                pio_set_output
 *fill*         0x00400d02        0x2 
 .text.pio_configure
                0x00400d04       0x90 src/ASF/sam/drivers/pio/pio.o
                0x00400d04                pio_configure
 .text.pio_get_output_data_status
                0x00400d94        0xc src/ASF/sam/drivers/pio/pio.o
                0x00400d94                pio_get_output_data_status
 .text.pio_configure_interrupt
                0x00400da0       0x32 src/ASF/sam/drivers/pio/pio.o
                0x00400da0                pio_configure_interrupt
 .text.pio_enable_interrupt
                0x00400dd2        0x4 src/ASF/sam/drivers/pio/pio.o
                0x00400dd2                pio_enable_interrupt
 .text.pio_get_interrupt_status
                0x00400dd6        0x4 src/ASF/sam/drivers/pio/pio.o
                0x00400dd6                pio_get_interrupt_status
 .text.pio_get_interrupt_mask
                0x00400dda        0x4 src/ASF/sam/drivers/pio/pio.o
                0x00400dda                pio_get_interrupt_mask
 *fill*         0x00400dde        0x2 
 .text.pio_handler_process
                0x00400de0       0x50 src/ASF/sam/drivers/pio/pio_handler.o
                0x00400de0                pio_handler_process
 .text.pio_handler_set
                0x00400e30       0x70 src/ASF/sam/drivers/pio/pio_handler.o
                0x00400e30                pio_handler_set
 .text.PIOA_Handler
                0x00400ea0       0x14 src/ASF/sam/drivers/pio/pio_handler.o
                0x00400ea0                PIOA_Handler
 .text.PIOB_Handler
                0x00400eb4       0x14 src/ASF/sam/drivers/pio/pio_handler.o
                0x00400eb4                PIOB_Handler
 .text.PIOC_Handler
                0x00400ec8       0x14 src/ASF/sam/drivers/pio/pio_handler.o
                0x00400ec8                PIOC_Handler
 .text.PIOD_Handler
                0x00400edc       0x14 src/ASF/sam/drivers/pio/pio_handler.o
                0x00400edc                PIOD_Handler
 .text.PIOE_Handler
                0x00400ef0       0x14 src/ASF/sam/drivers/pio/pio_handler.o
                0x00400ef0                PIOE_Handler
 .text.pmc_mck_set_division
                0x00400f04       0x38 src/ASF/sam/drivers/pmc/pmc.o
                0x00400f04                pmc_mck_set_division
 .text.pmc_switch_mck_to_pllack
                0x00400f3c       0x64 src/ASF/sam/drivers/pmc/pmc.o
                0x00400f3c                pmc_switch_mck_to_pllack
 .text.pmc_switch_mainck_to_xtal
                0x00400fa0       0x54 src/ASF/sam/drivers/pmc/pmc.o
                0x00400fa0                pmc_switch_mainck_to_xtal
 .text.pmc_osc_is_ready_mainck
                0x00400ff4       0x10 src/ASF/sam/drivers/pmc/pmc.o
                0x00400ff4                pmc_osc_is_ready_mainck
 .text.pmc_disable_pllack
                0x00401004       0x10 src/ASF/sam/drivers/pmc/pmc.o
                0x00401004                pmc_disable_pllack
 .text.pmc_is_locked_pllack
                0x00401014       0x10 src/ASF/sam/drivers/pmc/pmc.o
                0x00401014                pmc_is_locked_pllack
 .text.pmc_enable_periph_clk
                0x00401024       0x54 src/ASF/sam/drivers/pmc/pmc.o
                0x00401024                pmc_enable_periph_clk
 .text.pmc_set_flash_in_wait_mode
                0x00401078        0x2 src/ASF/sam/drivers/pmc/pmc.o
                0x00401078                pmc_set_flash_in_wait_mode
 *fill*         0x0040107a        0x2 
 .text.pmc_enable_waitmode
                0x0040107c       0x4c src/ASF/sam/drivers/pmc/pmc.o
                0x0040107c                pmc_enable_waitmode
 .text.pmc_sleep
                0x004010c8      0x274 src/ASF/sam/drivers/pmc/sleep.o
                0x004010c8                pmc_sleep
 .text.Dummy_Handler
                0x0040133c        0x2 src/ASF/sam/utils/cmsis/same70/source/templates/gcc/startup_same70.o
                0x0040133c                DACC_Handler
                0x0040133c                DebugMon_Handler
                0x0040133c                UART3_Handler
                0x0040133c                UART2_Handler
                0x0040133c                TRNG_Handler
                0x0040133c                HardFault_Handler
                0x0040133c                TC2_Handler
                0x0040133c                SysTick_Handler
                0x0040133c                AFEC1_Handler
                0x0040133c                PendSV_Handler
                0x0040133c                NMI_Handler
                0x0040133c                TC7_Handler
                0x0040133c                QSPI_Handler
                0x0040133c                ISI_Handler
                0x0040133c                TC9_Handler
                0x0040133c                RSWDT_Handler
                0x0040133c                MCAN1_Handler
                0x0040133c                USART0_Handler
                0x0040133c                USBHS_Handler
                0x0040133c                UsageFault_Handler
                0x0040133c                TC6_Handler
                0x0040133c                WDT_Handler
                0x0040133c                TC4_Handler
                0x0040133c                HSMCI_Handler
                0x0040133c                UART1_Handler
                0x0040133c                TC3_Handler
                0x0040133c                Dummy_Handler
                0x0040133c                TWIHS1_Handler
                0x0040133c                XDMAC_Handler
                0x0040133c                UART4_Handler
                0x0040133c                PWM1_Handler
                0x0040133c                USART1_Handler
                0x0040133c                PWM0_Handler
                0x0040133c                AFEC0_Handler
                0x0040133c                SSC_Handler
                0x0040133c                TC11_Handler
                0x0040133c                ACC_Handler
                0x0040133c                PMC_Handler
                0x0040133c                GMAC_Handler
                0x0040133c                MemManage_Handler
                0x0040133c                SUPC_Handler
                0x0040133c                SVC_Handler
                0x0040133c                TC8_Handler
                0x0040133c                EFC_Handler
                0x0040133c                USART2_Handler
                0x0040133c                SDRAMC_Handler
                0x0040133c                SPI1_Handler
                0x0040133c                MCAN0_Handler
                0x0040133c                TC10_Handler
                0x0040133c                TWIHS2_Handler
                0x0040133c                UART0_Handler
                0x0040133c                BusFault_Handler
                0x0040133c                RSTC_Handler
                0x0040133c                TC0_Handler
                0x0040133c                TC5_Handler
                0x0040133c                ICM_Handler
                0x0040133c                AES_Handler
                0x0040133c                TWIHS0_Handler
                0x0040133c                SPI0_Handler
 *fill*         0x0040133e        0x2 
 .text.Reset_Handler
                0x00401340       0xc8 src/ASF/sam/utils/cmsis/same70/source/templates/gcc/startup_same70.o
                0x00401340                Reset_Handler
 .text.SystemCoreClockUpdate
                0x00401408      0x10c src/ASF/sam/utils/cmsis/same70/source/templates/system_same70.o
                0x00401408                SystemCoreClockUpdate
 .text.system_init_flash
                0x00401514       0x8c src/ASF/sam/utils/cmsis/same70/source/templates/system_same70.o
                0x00401514                system_init_flash
 .text.set_alarm_btn
                0x004015a0       0x64 src/main.o
                0x004015a0                set_alarm_btn
 .text.but_callback
                0x00401604        0xc src/main.o
                0x00401604                but_callback
 .text.pin_toggle
                0x00401610       0x2c src/main.o
                0x00401610                pin_toggle
 .text.TC1_Handler
                0x0040163c       0x2c src/main.o
                0x0040163c                TC1_Handler
 .text.RTT_Handler
                0x00401668       0x2c src/main.o
                0x00401668                RTT_Handler
 .text.RTC_Handler
                0x00401694       0x50 src/main.o
                0x00401694                RTC_Handler
 .text.TC_init  0x004016e4       0xa8 src/main.o
                0x004016e4                TC_init
 .text.RTC_init
                0x0040178c       0xa4 src/main.o
                0x0040178c                RTC_init
 .text.init     0x00401830      0x120 src/main.o
                0x00401830                init
 .text.main     0x00401950       0xc0 src/main.o
                0x00401950                main
 .text.__libc_init_array
                0x00401a10       0x50 c:/program files (x86)/atmel/studio/7.0/toolchain/arm/arm-gnu-toolchain/bin/../lib/gcc/arm-none-eabi/6.3.1/../../../../arm-none-eabi/lib/thumb/v7e-m\libc.a(lib_a-init.o)
                0x00401a10                __libc_init_array
 .text.startup.register_fini
                0x00401a60       0x14 c:/program files (x86)/atmel/studio/7.0/toolchain/arm/arm-gnu-toolchain/bin/../lib/gcc/arm-none-eabi/6.3.1/../../../../arm-none-eabi/lib/thumb/v7e-m\libc.a(lib_a-__call_atexit.o)
 .text.atexit   0x00401a74        0xc c:/program files (x86)/atmel/studio/7.0/toolchain/arm/arm-gnu-toolchain/bin/../lib/gcc/arm-none-eabi/6.3.1/../../../../arm-none-eabi/lib/thumb/v7e-m\libc.a(lib_a-atexit.o)
                0x00401a74                atexit
 .text.__libc_fini_array
                0x00401a80       0x34 c:/program files (x86)/atmel/studio/7.0/toolchain/arm/arm-gnu-toolchain/bin/../lib/gcc/arm-none-eabi/6.3.1/../../../../arm-none-eabi/lib/thumb/v7e-m\libc.a(lib_a-fini.o)
                0x00401a80                __libc_fini_array
 .text.__retarget_lock_acquire_recursive
                0x00401ab4        0x4 c:/program files (x86)/atmel/studio/7.0/toolchain/arm/arm-gnu-toolchain/bin/../lib/gcc/arm-none-eabi/6.3.1/../../../../arm-none-eabi/lib/thumb/v7e-m\libc.a(lib_a-lock.o)
                0x00401ab4                __retarget_lock_acquire_recursive
 .text.__retarget_lock_release_recursive
                0x00401ab8        0x4 c:/program files (x86)/atmel/studio/7.0/toolchain/arm/arm-gnu-toolchain/bin/../lib/gcc/arm-none-eabi/6.3.1/../../../../arm-none-eabi/lib/thumb/v7e-m\libc.a(lib_a-lock.o)
                0x00401ab8                __retarget_lock_release_recursive
 .text.__register_exitproc
                0x00401abc       0xc4 c:/program files (x86)/atmel/studio/7.0/toolchain/arm/arm-gnu-toolchain/bin/../lib/gcc/arm-none-eabi/6.3.1/../../../../arm-none-eabi/lib/thumb/v7e-m\libc.a(lib_a-__atexit.o)
                0x00401abc                __register_exitproc
 *(.glue_7t)
 .glue_7t       0x00401b80        0x0 linker stubs
 *(.glue_7)
 .glue_7        0x00401b80        0x0 linker stubs
 *(.rodata .rodata* .gnu.linkonce.r.*)
 .rodata        0x00401b80       0x1c src/main.o
 .rodata._global_impure_ptr
                0x00401b9c        0x4 c:/program files (x86)/atmel/studio/7.0/toolchain/arm/arm-gnu-toolchain/bin/../lib/gcc/arm-none-eabi/6.3.1/../../../../arm-none-eabi/lib/thumb/v7e-m\libc.a(lib_a-impure.o)
                0x00401b9c                _global_impure_ptr
 *(.ARM.extab* .gnu.linkonce.armextab.*)
                0x00401ba0                . = ALIGN (0x4)
 *(.init)
 .init          0x00401ba0        0x4 c:/program files (x86)/atmel/studio/7.0/toolchain/arm/arm-gnu-toolchain/bin/../lib/gcc/arm-none-eabi/6.3.1/thumb/v7e-m/crti.o
                0x00401ba0                _init
 .init          0x00401ba4        0x8 c:/program files (x86)/atmel/studio/7.0/toolchain/arm/arm-gnu-toolchain/bin/../lib/gcc/arm-none-eabi/6.3.1/thumb/v7e-m/crtn.o
                0x00401bac                . = ALIGN (0x4)
                0x00401bac                __preinit_array_start = .
 *(.preinit_array)
                0x00401bac                __preinit_array_end = .
                0x00401bac                . = ALIGN (0x4)
                0x00401bac                __init_array_start = .
 *(SORT(.init_array.*))
 .init_array.00000
                0x00401bac        0x4 c:/program files (x86)/atmel/studio/7.0/toolchain/arm/arm-gnu-toolchain/bin/../lib/gcc/arm-none-eabi/6.3.1/../../../../arm-none-eabi/lib/thumb/v7e-m\libc.a(lib_a-__call_atexit.o)
 *(.init_array)
 .init_array    0x00401bb0        0x4 c:/program files (x86)/atmel/studio/7.0/toolchain/arm/arm-gnu-toolchain/bin/../lib/gcc/arm-none-eabi/6.3.1/thumb/v7e-m/crtbegin.o
                0x00401bb4                __init_array_end = .
                0x00401bb4                . = ALIGN (0x4)
 *crtbegin.o(.ctors)
 *(EXCLUDE_FILE(*crtend.o) .ctors)
 *(SORT(.ctors.*))
 *crtend.o(.ctors)
                0x00401bb4                . = ALIGN (0x4)
 *(.fini)
 .fini          0x00401bb4        0x4 c:/program files (x86)/atmel/studio/7.0/toolchain/arm/arm-gnu-toolchain/bin/../lib/gcc/arm-none-eabi/6.3.1/thumb/v7e-m/crti.o
                0x00401bb4                _fini
 .fini          0x00401bb8        0x8 c:/program files (x86)/atmel/studio/7.0/toolchain/arm/arm-gnu-toolchain/bin/../lib/gcc/arm-none-eabi/6.3.1/thumb/v7e-m/crtn.o
                0x00401bc0                . = ALIGN (0x4)
                0x00401bc0                __fini_array_start = .
 *(.fini_array)
 .fini_array    0x00401bc0        0x4 c:/program files (x86)/atmel/studio/7.0/toolchain/arm/arm-gnu-toolchain/bin/../lib/gcc/arm-none-eabi/6.3.1/thumb/v7e-m/crtbegin.o
 *(SORT(.fini_array.*))
                0x00401bc4                __fini_array_end = .
 *crtbegin.o(.dtors)
 *(EXCLUDE_FILE(*crtend.o) .dtors)
 *(SORT(.dtors.*))
 *crtend.o(.dtors)
                0x00401bc4                . = ALIGN (0x4)
                0x00401bc4                _efixed = .
                [!provide]                PROVIDE (__exidx_start, .)

.vfp11_veneer   0x00401bc4        0x0
 .vfp11_veneer  0x00401bc4        0x0 linker stubs

.v4_bx          0x00401bc4        0x0
 .v4_bx         0x00401bc4        0x0 linker stubs

.iplt           0x00401bc4        0x0
 .iplt          0x00401bc4        0x0 c:/program files (x86)/atmel/studio/7.0/toolchain/arm/arm-gnu-toolchain/bin/../lib/gcc/arm-none-eabi/6.3.1/thumb/v7e-m/crtbegin.o

.eh_frame       0x00401bc4        0x0
 .eh_frame      0x00401bc4        0x0 c:/program files (x86)/atmel/studio/7.0/toolchain/arm/arm-gnu-toolchain/bin/../lib/gcc/arm-none-eabi/6.3.1/thumb/v7e-m/crtbegin.o

.rel.dyn        0x00401bc4        0x0
 .rel.iplt      0x00401bc4        0x0 c:/program files (x86)/atmel/studio/7.0/toolchain/arm/arm-gnu-toolchain/bin/../lib/gcc/arm-none-eabi/6.3.1/thumb/v7e-m/crtbegin.o

.jcr            0x00401bc4        0x0
 .jcr           0x00401bc4        0x0 c:/program files (x86)/atmel/studio/7.0/toolchain/arm/arm-gnu-toolchain/bin/../lib/gcc/arm-none-eabi/6.3.1/thumb/v7e-m/crtbegin.o

.igot.plt       0x00401bc4        0x0
 .igot.plt      0x00401bc4        0x0 c:/program files (x86)/atmel/studio/7.0/toolchain/arm/arm-gnu-toolchain/bin/../lib/gcc/arm-none-eabi/6.3.1/thumb/v7e-m/crtbegin.o

.ARM.exidx
 *(.ARM.exidx* .gnu.linkonce.armexidx.*)
                [!provide]                PROVIDE (__exidx_end, .)
                0x00401bc4                . = ALIGN (0x4)
                0x00401bc4                _etext = .

.relocate       0x20400000      0x43c load address 0x00401bc4
                0x20400000                . = ALIGN (0x4)
                0x20400000                _srelocate = .
 *(.ramfunc .ramfunc.*)
 .ramfunc       0x20400000        0xa src/ASF/common/services/delay/sam/cycle_counter.o
                0x20400000                portable_delay_cycles
 *(.data .data.*)
 .data.g_interrupt_enabled
                0x2040000a        0x1 src/ASF/common/utils/interrupt/interrupt_sam_nvic.o
                0x2040000a                g_interrupt_enabled
 *fill*         0x2040000b        0x1 
 .data.SystemCoreClock
                0x2040000c        0x4 src/ASF/sam/utils/cmsis/same70/source/templates/system_same70.o
                0x2040000c                SystemCoreClock
 .data.impure_data
                0x20400010      0x428 c:/program files (x86)/atmel/studio/7.0/toolchain/arm/arm-gnu-toolchain/bin/../lib/gcc/arm-none-eabi/6.3.1/../../../../arm-none-eabi/lib/thumb/v7e-m\libc.a(lib_a-impure.o)
 .data.__atexit_recursive_mutex
                0x20400438        0x4 c:/program files (x86)/atmel/studio/7.0/toolchain/arm/arm-gnu-toolchain/bin/../lib/gcc/arm-none-eabi/6.3.1/../../../../arm-none-eabi/lib/thumb/v7e-m\libc.a(lib_a-__call_atexit.o)
                0x20400438                __atexit_recursive_mutex
                0x2040043c                . = ALIGN (0x4)
                0x2040043c                _erelocate = .

.bss            0x2040043c      0x2c8 load address 0x00402000
                0x2040043c                . = ALIGN (0x4)
                0x2040043c                _sbss = .
                0x2040043c                _szero = .
 *(.bss .bss.*)
 .bss           0x2040043c       0x1c c:/program files (x86)/atmel/studio/7.0/toolchain/arm/arm-gnu-toolchain/bin/../lib/gcc/arm-none-eabi/6.3.1/thumb/v7e-m/crtbegin.o
 .bss.g_wobits_in_rtt_mr
                0x20400458        0x4 src/ASF/sam/drivers/rtt/rtt.o
 .bss.fbpointer
                0x2040045c        0x4 src/oled/gfx_mono_framebuffer.o
 .bss.framebuffer
                0x20400460      0x200 src/oled/gfx_mono_ug_2832hsweg04.o
 .bss.gs_interrupt_sources
                0x20400660       0x70 src/ASF/sam/drivers/pio/pio_handler.o
 .bss.gs_ul_nb_sources
                0x204006d0        0x4 src/ASF/sam/drivers/pio/pio_handler.o
 .bss.b_is_sleep_clock_used
                0x204006d4        0x1 src/ASF/sam/drivers/pmc/sleep.o
 *fill*         0x204006d5        0x3 
 .bss.callback_clocks_restored
                0x204006d8        0x4 src/ASF/sam/drivers/pmc/sleep.o
 .bss.flag_rtc_alarm
                0x204006dc        0x1 src/main.o
                0x204006dc                flag_rtc_alarm
 *(COMMON)
 *fill*         0x204006dd        0x3 
 COMMON         0x204006e0       0x21 c:/program files (x86)/atmel/studio/7.0/toolchain/arm/arm-gnu-toolchain/bin/../lib/gcc/arm-none-eabi/6.3.1/../../../../arm-none-eabi/lib/thumb/v7e-m\libc.a(lib_a-lock.o)
                0x204006e0                __lock___atexit_recursive_mutex
                0x204006e4                __lock___arc4random_mutex
                0x204006e8                __lock___env_recursive_mutex
                0x204006ec                __lock___sinit_recursive_mutex
                0x204006f0                __lock___malloc_recursive_mutex
                0x204006f4                __lock___at_quick_exit_mutex
                0x204006f8                __lock___dd_hash_mutex
                0x204006fc                __lock___tz_mutex
                0x20400700                __lock___sfp_recursive_mutex
                0x20400704                . = ALIGN (0x4)
 *fill*         0x20400701        0x3 
                0x20400704                _ebss = .
                0x20400704                _ezero = .

.stack          0x20400704     0x2004 load address 0x004022c8
                0x20400708                . = ALIGN (0x8)
 *fill*         0x20400704        0x4 
                0x20400708                _sstack = .
                0x20402708                . = (. + STACK_SIZE)
 *fill*         0x20400708     0x2000 
                0x20402708                . = ALIGN (0x8)
                0x20402708                _estack = .

.heap           0x20402708      0x200 load address 0x004042cc
                0x20402708                . = ALIGN (0x8)
                0x20402708                _sheap = .
                0x20402908                . = (. + HEAP_SIZE)
 *fill*         0x20402708      0x200 
                0x20402908                . = ALIGN (0x8)
                0x20402908                _eheap = .
                0x20402908                . = ALIGN (0x4)
                0x20402908                _end = .
                0x2045ffff                _ram_end_ = ((ORIGIN (ram) + LENGTH (ram)) - 0x1)
OUTPUT(OLED1.elf elf32-littlearm)

.ARM.attributes
                0x00000000       0x2e
 .ARM.attributes
                0x00000000       0x1e c:/program files (x86)/atmel/studio/7.0/toolchain/arm/arm-gnu-toolchain/bin/../lib/gcc/arm-none-eabi/6.3.1/thumb/v7e-m/crti.o
 .ARM.attributes
                0x0000001e       0x2e c:/program files (x86)/atmel/studio/7.0/toolchain/arm/arm-gnu-toolchain/bin/../lib/gcc/arm-none-eabi/6.3.1/thumb/v7e-m/crtbegin.o
 .ARM.attributes
                0x0000004c       0x37 src/ASF/sam/drivers/rtc/rtc.o
 .ARM.attributes
                0x00000083       0x37 src/ASF/sam/drivers/rtt/rtt.o
 .ARM.attributes
                0x000000ba       0x37 src/ASF/sam/drivers/spi/spi.o
 .ARM.attributes
                0x000000f1       0x37 src/ASF/sam/drivers/tc/tc.o
 .ARM.attributes
                0x00000128       0x37 src/oled/gfx_mono_framebuffer.o
 .ARM.attributes
                0x0000015f       0x37 src/oled/gfx_mono_ug_2832hsweg04.o
 .ARM.attributes
                0x00000196       0x37 src/oled/ssd1306.o
 .ARM.attributes
                0x000001cd       0x37 src/ASF/common/services/delay/sam/cycle_counter.o
 .ARM.attributes
                0x00000204       0x37 src/ASF/common/services/clock/same70/sysclk.o
 .ARM.attributes
                0x0000023b       0x37 src/ASF/common/utils/interrupt/interrupt_sam_nvic.o
 .ARM.attributes
                0x00000272       0x37 src/ASF/sam/boards/same70_xplained/init.o
 .ARM.attributes
                0x000002a9       0x37 src/ASF/sam/drivers/pio/pio.o
 .ARM.attributes
                0x000002e0       0x37 src/ASF/sam/drivers/pio/pio_handler.o
 .ARM.attributes
                0x00000317       0x37 src/ASF/sam/drivers/pmc/pmc.o
 .ARM.attributes
                0x0000034e       0x37 src/ASF/sam/drivers/pmc/sleep.o
 .ARM.attributes
                0x00000385       0x37 src/ASF/sam/utils/cmsis/same70/source/templates/gcc/startup_same70.o
 .ARM.attributes
                0x000003bc       0x37 src/ASF/sam/utils/cmsis/same70/source/templates/system_same70.o
 .ARM.attributes
                0x000003f3       0x37 src/main.o
 .ARM.attributes
                0x0000042a       0x2e c:/program files (x86)/atmel/studio/7.0/toolchain/arm/arm-gnu-toolchain/bin/../lib/gcc/arm-none-eabi/6.3.1/../../../../arm-none-eabi/lib/thumb/v7e-m\libc.a(lib_a-impure.o)
 .ARM.attributes
                0x00000458       0x2e c:/program files (x86)/atmel/studio/7.0/toolchain/arm/arm-gnu-toolchain/bin/../lib/gcc/arm-none-eabi/6.3.1/../../../../arm-none-eabi/lib/thumb/v7e-m\libc.a(lib_a-init.o)
 .ARM.attributes
                0x00000486       0x2e c:/program files (x86)/atmel/studio/7.0/toolchain/arm/arm-gnu-toolchain/bin/../lib/gcc/arm-none-eabi/6.3.1/../../../../arm-none-eabi/lib/thumb/v7e-m\libc.a(lib_a-__call_atexit.o)
 .ARM.attributes
                0x000004b4       0x2e c:/program files (x86)/atmel/studio/7.0/toolchain/arm/arm-gnu-toolchain/bin/../lib/gcc/arm-none-eabi/6.3.1/../../../../arm-none-eabi/lib/thumb/v7e-m\libc.a(lib_a-atexit.o)
 .ARM.attributes
                0x000004e2       0x2e c:/program files (x86)/atmel/studio/7.0/toolchain/arm/arm-gnu-toolchain/bin/../lib/gcc/arm-none-eabi/6.3.1/../../../../arm-none-eabi/lib/thumb/v7e-m\libc.a(lib_a-fini.o)
 .ARM.attributes
                0x00000510       0x2e c:/program files (x86)/atmel/studio/7.0/toolchain/arm/arm-gnu-toolchain/bin/../lib/gcc/arm-none-eabi/6.3.1/../../../../arm-none-eabi/lib/thumb/v7e-m\libc.a(lib_a-lock.o)
 .ARM.attributes
                0x0000053e       0x2e c:/program files (x86)/atmel/studio/7.0/toolchain/arm/arm-gnu-toolchain/bin/../lib/gcc/arm-none-eabi/6.3.1/../../../../arm-none-eabi/lib/thumb/v7e-m\libc.a(lib_a-__atexit.o)
 .ARM.attributes
                0x0000056c       0x1e c:/program files (x86)/atmel/studio/7.0/toolchain/arm/arm-gnu-toolchain/bin/../lib/gcc/arm-none-eabi/6.3.1/thumb/v7e-m/crtn.o

.comment        0x00000000       0x59
 .comment       0x00000000       0x59 src/ASF/sam/drivers/rtc/rtc.o
                                 0x5a (size before relaxing)
 .comment       0x00000059       0x5a src/ASF/sam/drivers/rtt/rtt.o
 .comment       0x00000059       0x5a src/ASF/sam/drivers/spi/spi.o
 .comment       0x00000059       0x5a src/ASF/sam/drivers/tc/tc.o
 .comment       0x00000059       0x5a src/oled/gfx_mono_framebuffer.o
 .comment       0x00000059       0x5a src/oled/gfx_mono_ug_2832hsweg04.o
 .comment       0x00000059       0x5a src/oled/ssd1306.o
 .comment       0x00000059       0x5a src/ASF/common/services/delay/sam/cycle_counter.o
 .comment       0x00000059       0x5a src/ASF/common/services/clock/same70/sysclk.o
 .comment       0x00000059       0x5a src/ASF/common/utils/interrupt/interrupt_sam_nvic.o
 .comment       0x00000059       0x5a src/ASF/sam/boards/same70_xplained/init.o
 .comment       0x00000059       0x5a src/ASF/sam/drivers/pio/pio.o
 .comment       0x00000059       0x5a src/ASF/sam/drivers/pio/pio_handler.o
 .comment       0x00000059       0x5a src/ASF/sam/drivers/pmc/pmc.o
 .comment       0x00000059       0x5a src/ASF/sam/drivers/pmc/sleep.o
 .comment       0x00000059       0x5a src/ASF/sam/utils/cmsis/same70/source/templates/gcc/startup_same70.o
 .comment       0x00000059       0x5a src/ASF/sam/utils/cmsis/same70/source/templates/system_same70.o
 .comment       0x00000059       0x5a src/main.o

.debug_info     0x00000000    0x1762c
 .debug_info    0x00000000     0x10f7 src/ASF/sam/drivers/rtc/rtc.o
 .debug_info    0x000010f7      0xcd1 src/ASF/sam/drivers/rtt/rtt.o
 .debug_info    0x00001dc8     0x115d src/ASF/sam/drivers/spi/spi.o
 .debug_info    0x00002f25     0x1233 src/ASF/sam/drivers/tc/tc.o
 .debug_info    0x00004158      0xdd2 src/oled/gfx_mono_framebuffer.o
 .debug_info    0x00004f2a     0x11a0 src/oled/gfx_mono_ug_2832hsweg04.o
 .debug_info    0x000060ca     0x1fae src/oled/ssd1306.o
 .debug_info    0x00008078      0xa45 src/ASF/common/services/delay/sam/cycle_counter.o
 .debug_info    0x00008abd     0x1267 src/ASF/common/services/clock/same70/sysclk.o
 .debug_info    0x00009d24      0xb01 src/ASF/common/utils/interrupt/interrupt_sam_nvic.o
 .debug_info    0x0000a825     0x1bd7 src/ASF/sam/boards/same70_xplained/init.o
 .debug_info    0x0000c3fc     0x2150 src/ASF/sam/drivers/pio/pio.o
 .debug_info    0x0000e54c     0x1b22 src/ASF/sam/drivers/pio/pio_handler.o
 .debug_info    0x0001006e     0x1e0e src/ASF/sam/drivers/pmc/pmc.o
 .debug_info    0x00011e7c     0x165a src/ASF/sam/drivers/pmc/sleep.o
 .debug_info    0x000134d6     0x156a src/ASF/sam/utils/cmsis/same70/source/templates/gcc/startup_same70.o
 .debug_info    0x00014a40      0x55b src/ASF/sam/utils/cmsis/same70/source/templates/system_same70.o
 .debug_info    0x00014f9b     0x2691 src/main.o

.debug_abbrev   0x00000000     0x345d
 .debug_abbrev  0x00000000      0x2e3 src/ASF/sam/drivers/rtc/rtc.o
 .debug_abbrev  0x000002e3      0x256 src/ASF/sam/drivers/rtt/rtt.o
 .debug_abbrev  0x00000539      0x3a5 src/ASF/sam/drivers/spi/spi.o
 .debug_abbrev  0x000008de      0x293 src/ASF/sam/drivers/tc/tc.o
 .debug_abbrev  0x00000b71      0x284 src/oled/gfx_mono_framebuffer.o
 .debug_abbrev  0x00000df5      0x34b src/oled/gfx_mono_ug_2832hsweg04.o
 .debug_abbrev  0x00001140      0x35e src/oled/ssd1306.o
 .debug_abbrev  0x0000149e      0x1b3 src/ASF/common/services/delay/sam/cycle_counter.o
 .debug_abbrev  0x00001651      0x31f src/ASF/common/services/clock/same70/sysclk.o
 .debug_abbrev  0x00001970      0x212 src/ASF/common/utils/interrupt/interrupt_sam_nvic.o
 .debug_abbrev  0x00001b82      0x368 src/ASF/sam/boards/same70_xplained/init.o
 .debug_abbrev  0x00001eea      0x410 src/ASF/sam/drivers/pio/pio.o
 .debug_abbrev  0x000022fa      0x32f src/ASF/sam/drivers/pio/pio_handler.o
 .debug_abbrev  0x00002629      0x369 src/ASF/sam/drivers/pmc/pmc.o
 .debug_abbrev  0x00002992      0x32b src/ASF/sam/drivers/pmc/sleep.o
 .debug_abbrev  0x00002cbd      0x2e4 src/ASF/sam/utils/cmsis/same70/source/templates/gcc/startup_same70.o
 .debug_abbrev  0x00002fa1      0x102 src/ASF/sam/utils/cmsis/same70/source/templates/system_same70.o
 .debug_abbrev  0x000030a3      0x3ba src/main.o

.debug_loc      0x00000000     0x534d
 .debug_loc     0x00000000      0x8d0 src/ASF/sam/drivers/rtc/rtc.o
 .debug_loc     0x000008d0      0x1c7 src/ASF/sam/drivers/rtt/rtt.o
 .debug_loc     0x00000a97      0x610 src/ASF/sam/drivers/spi/spi.o
 .debug_loc     0x000010a7      0x5a4 src/ASF/sam/drivers/tc/tc.o
 .debug_loc     0x0000164b      0x506 src/oled/gfx_mono_framebuffer.o
 .debug_loc     0x00001b51      0x6ee src/oled/gfx_mono_ug_2832hsweg04.o
 .debug_loc     0x0000223f      0x365 src/oled/ssd1306.o
 .debug_loc     0x000025a4      0x183 src/ASF/common/services/clock/same70/sysclk.o
 .debug_loc     0x00002727      0x1e7 src/ASF/sam/boards/same70_xplained/init.o
 .debug_loc     0x0000290e      0xea4 src/ASF/sam/drivers/pio/pio.o
 .debug_loc     0x000037b2      0x588 src/ASF/sam/drivers/pio/pio_handler.o
 .debug_loc     0x00003d3a      0xce3 src/ASF/sam/drivers/pmc/pmc.o
 .debug_loc     0x00004a1d      0x389 src/ASF/sam/drivers/pmc/sleep.o
 .debug_loc     0x00004da6       0x77 src/ASF/sam/utils/cmsis/same70/source/templates/gcc/startup_same70.o
 .debug_loc     0x00004e1d      0x530 src/main.o

.debug_aranges  0x00000000      0x950
 .debug_aranges
                0x00000000       0xb8 src/ASF/sam/drivers/rtc/rtc.o
 .debug_aranges
                0x000000b8       0x60 src/ASF/sam/drivers/rtt/rtt.o
 .debug_aranges
                0x00000118       0x90 src/ASF/sam/drivers/spi/spi.o
 .debug_aranges
                0x000001a8       0xd0 src/ASF/sam/drivers/tc/tc.o
 .debug_aranges
                0x00000278       0x58 src/oled/gfx_mono_framebuffer.o
 .debug_aranges
                0x000002d0       0x60 src/oled/gfx_mono_ug_2832hsweg04.o
 .debug_aranges
                0x00000330       0x30 src/oled/ssd1306.o
 .debug_aranges
                0x00000360       0x20 src/ASF/common/services/delay/sam/cycle_counter.o
 .debug_aranges
                0x00000380       0x40 src/ASF/common/services/clock/same70/sysclk.o
 .debug_aranges
                0x000003c0       0x28 src/ASF/common/utils/interrupt/interrupt_sam_nvic.o
 .debug_aranges
                0x000003e8       0x20 src/ASF/sam/boards/same70_xplained/init.o
 .debug_aranges
                0x00000408      0x1a8 src/ASF/sam/drivers/pio/pio.o
 .debug_aranges
                0x000005b0       0x60 src/ASF/sam/drivers/pio/pio_handler.o
 .debug_aranges
                0x00000610      0x250 src/ASF/sam/drivers/pmc/pmc.o
 .debug_aranges
                0x00000860       0x30 src/ASF/sam/drivers/pmc/sleep.o
 .debug_aranges
                0x00000890       0x28 src/ASF/sam/utils/cmsis/same70/source/templates/gcc/startup_same70.o
 .debug_aranges
                0x000008b8       0x30 src/ASF/sam/utils/cmsis/same70/source/templates/system_same70.o
 .debug_aranges
                0x000008e8       0x68 src/main.o

.debug_ranges   0x00000000      0x9e0
 .debug_ranges  0x00000000       0xa8 src/ASF/sam/drivers/rtc/rtc.o
 .debug_ranges  0x000000a8       0x50 src/ASF/sam/drivers/rtt/rtt.o
 .debug_ranges  0x000000f8       0x80 src/ASF/sam/drivers/spi/spi.o
 .debug_ranges  0x00000178       0xc0 src/ASF/sam/drivers/tc/tc.o
 .debug_ranges  0x00000238       0x48 src/oled/gfx_mono_framebuffer.o
 .debug_ranges  0x00000280       0x80 src/oled/gfx_mono_ug_2832hsweg04.o
 .debug_ranges  0x00000300       0x20 src/oled/ssd1306.o
 .debug_ranges  0x00000320       0x10 src/ASF/common/services/delay/sam/cycle_counter.o
 .debug_ranges  0x00000330       0x30 src/ASF/common/services/clock/same70/sysclk.o
 .debug_ranges  0x00000360       0x18 src/ASF/common/utils/interrupt/interrupt_sam_nvic.o
 .debug_ranges  0x00000378       0x10 src/ASF/sam/boards/same70_xplained/init.o
 .debug_ranges  0x00000388      0x2a0 src/ASF/sam/drivers/pio/pio.o
 .debug_ranges  0x00000628       0x68 src/ASF/sam/drivers/pio/pio_handler.o
 .debug_ranges  0x00000690      0x240 src/ASF/sam/drivers/pmc/pmc.o
 .debug_ranges  0x000008d0       0x50 src/ASF/sam/drivers/pmc/sleep.o
 .debug_ranges  0x00000920       0x18 src/ASF/sam/utils/cmsis/same70/source/templates/gcc/startup_same70.o
 .debug_ranges  0x00000938       0x20 src/ASF/sam/utils/cmsis/same70/source/templates/system_same70.o
 .debug_ranges  0x00000958       0x88 src/main.o

.debug_macro    0x00000000    0x2092f
 .debug_macro   0x00000000      0x678 src/ASF/sam/drivers/rtc/rtc.o
 .debug_macro   0x00000678      0x8ce src/ASF/sam/drivers/rtc/rtc.o
 .debug_macro   0x00000f46      0x16d src/ASF/sam/drivers/rtc/rtc.o
 .debug_macro   0x000010b3      0x64b src/ASF/sam/drivers/rtc/rtc.o
 .debug_macro   0x000016fe       0x76 src/ASF/sam/drivers/rtc/rtc.o
 .debug_macro   0x00001774       0x16 src/ASF/sam/drivers/rtc/rtc.o
 .debug_macro   0x0000178a      0x6e4 src/ASF/sam/drivers/rtc/rtc.o
 .debug_macro   0x00001e6e       0x22 src/ASF/sam/drivers/rtc/rtc.o
 .debug_macro   0x00001e90       0x87 src/ASF/sam/drivers/rtc/rtc.o
 .debug_macro   0x00001f17       0x51 src/ASF/sam/drivers/rtc/rtc.o
 .debug_macro   0x00001f68       0xef src/ASF/sam/drivers/rtc/rtc.o
 .debug_macro   0x00002057       0x6a src/ASF/sam/drivers/rtc/rtc.o
 .debug_macro   0x000020c1      0x1df src/ASF/sam/drivers/rtc/rtc.o
 .debug_macro   0x000022a0       0x4a src/ASF/sam/drivers/rtc/rtc.o
 .debug_macro   0x000022ea       0x3b src/ASF/sam/drivers/rtc/rtc.o
 .debug_macro   0x00002325       0x2d src/ASF/sam/drivers/rtc/rtc.o
 .debug_macro   0x00002352       0x26 src/ASF/sam/drivers/rtc/rtc.o
 .debug_macro   0x00002378      0xf9a src/ASF/sam/drivers/rtc/rtc.o
 .debug_macro   0x00003312      0x175 src/ASF/sam/drivers/rtc/rtc.o
 .debug_macro   0x00003487      0x257 src/ASF/sam/drivers/rtc/rtc.o
 .debug_macro   0x000036de      0xa0f src/ASF/sam/drivers/rtc/rtc.o
 .debug_macro   0x000040ed      0x1b9 src/ASF/sam/drivers/rtc/rtc.o
 .debug_macro   0x000042a6      0x336 src/ASF/sam/drivers/rtc/rtc.o
 .debug_macro   0x000045dc      0x15b src/ASF/sam/drivers/rtc/rtc.o
 .debug_macro   0x00004737     0x1851 src/ASF/sam/drivers/rtc/rtc.o
 .debug_macro   0x00005f88       0x1c src/ASF/sam/drivers/rtc/rtc.o
 .debug_macro   0x00005fa4      0x68d src/ASF/sam/drivers/rtc/rtc.o
 .debug_macro   0x00006631      0x31e src/ASF/sam/drivers/rtc/rtc.o
 .debug_macro   0x0000694f      0x4d4 src/ASF/sam/drivers/rtc/rtc.o
 .debug_macro   0x00006e23      0x56e src/ASF/sam/drivers/rtc/rtc.o
 .debug_macro   0x00007391     0x1332 src/ASF/sam/drivers/rtc/rtc.o
 .debug_macro   0x000086c3     0x278d src/ASF/sam/drivers/rtc/rtc.o
 .debug_macro   0x0000ae50     0x102b src/ASF/sam/drivers/rtc/rtc.o
 .debug_macro   0x0000be7b      0xe01 src/ASF/sam/drivers/rtc/rtc.o
 .debug_macro   0x0000cc7c      0x3b1 src/ASF/sam/drivers/rtc/rtc.o
 .debug_macro   0x0000d02d       0xa0 src/ASF/sam/drivers/rtc/rtc.o
 .debug_macro   0x0000d0cd       0x76 src/ASF/sam/drivers/rtc/rtc.o
 .debug_macro   0x0000d143      0x409 src/ASF/sam/drivers/rtc/rtc.o
 .debug_macro   0x0000d54c       0x64 src/ASF/sam/drivers/rtc/rtc.o
 .debug_macro   0x0000d5b0      0x284 src/ASF/sam/drivers/rtc/rtc.o
 .debug_macro   0x0000d834      0x1d0 src/ASF/sam/drivers/rtc/rtc.o
 .debug_macro   0x0000da04      0x248 src/ASF/sam/drivers/rtc/rtc.o
 .debug_macro   0x0000dc4c      0x524 src/ASF/sam/drivers/rtc/rtc.o
 .debug_macro   0x0000e170      0x63b src/ASF/sam/drivers/rtc/rtc.o
 .debug_macro   0x0000e7ab      0x6b8 src/ASF/sam/drivers/rtc/rtc.o
 .debug_macro   0x0000ee63       0x4c src/ASF/sam/drivers/rtc/rtc.o
 .debug_macro   0x0000eeaf      0x468 src/ASF/sam/drivers/rtc/rtc.o
 .debug_macro   0x0000f317      0x207 src/ASF/sam/drivers/rtc/rtc.o
 .debug_macro   0x0000f51e      0x866 src/ASF/sam/drivers/rtc/rtc.o
 .debug_macro   0x0000fd84     0x1547 src/ASF/sam/drivers/rtc/rtc.o
 .debug_macro   0x000112cb       0x40 src/ASF/sam/drivers/rtc/rtc.o
 .debug_macro   0x0001130b       0x76 src/ASF/sam/drivers/rtc/rtc.o
 .debug_macro   0x00011381      0xdaf src/ASF/sam/drivers/rtc/rtc.o
 .debug_macro   0x00012130       0x82 src/ASF/sam/drivers/rtc/rtc.o
 .debug_macro   0x000121b2       0x76 src/ASF/sam/drivers/rtc/rtc.o
 .debug_macro   0x00012228       0x4c src/ASF/sam/drivers/rtc/rtc.o
 .debug_macro   0x00012274      0x135 src/ASF/sam/drivers/rtc/rtc.o
 .debug_macro   0x000123a9      0x135 src/ASF/sam/drivers/rtc/rtc.o
 .debug_macro   0x000124de      0x135 src/ASF/sam/drivers/rtc/rtc.o
 .debug_macro   0x00012613       0x6a src/ASF/sam/drivers/rtc/rtc.o
 .debug_macro   0x0001267d       0x6a src/ASF/sam/drivers/rtc/rtc.o
 .debug_macro   0x000126e7      0x313 src/ASF/sam/drivers/rtc/rtc.o
 .debug_macro   0x000129fa       0xb2 src/ASF/sam/drivers/rtc/rtc.o
 .debug_macro   0x00012aac       0xb2 src/ASF/sam/drivers/rtc/rtc.o
 .debug_macro   0x00012b5e       0xb2 src/ASF/sam/drivers/rtc/rtc.o
 .debug_macro   0x00012c10      0x11d src/ASF/sam/drivers/rtc/rtc.o
 .debug_macro   0x00012d2d      0x11d src/ASF/sam/drivers/rtc/rtc.o
 .debug_macro   0x00012e4a      0x2cd src/ASF/sam/drivers/rtc/rtc.o
 .debug_macro   0x00013117       0xb8 src/ASF/sam/drivers/rtc/rtc.o
 .debug_macro   0x000131cf       0x5e src/ASF/sam/drivers/rtc/rtc.o
 .debug_macro   0x0001322d       0x40 src/ASF/sam/drivers/rtc/rtc.o
 .debug_macro   0x0001326d       0x4c src/ASF/sam/drivers/rtc/rtc.o
 .debug_macro   0x000132b9       0xa0 src/ASF/sam/drivers/rtc/rtc.o
 .debug_macro   0x00013359      0x494 src/ASF/sam/drivers/rtc/rtc.o
 .debug_macro   0x000137ed      0x135 src/ASF/sam/drivers/rtc/rtc.o
 .debug_macro   0x00013922       0x4c src/ASF/sam/drivers/rtc/rtc.o
 .debug_macro   0x0001396e      0x313 src/ASF/sam/drivers/rtc/rtc.o
 .debug_macro   0x00013c81       0x6a src/ASF/sam/drivers/rtc/rtc.o
 .debug_macro   0x00013ceb       0xb8 src/ASF/sam/drivers/rtc/rtc.o
 .debug_macro   0x00013da3       0x6a src/ASF/sam/drivers/rtc/rtc.o
 .debug_macro   0x00013e0d       0x2e src/ASF/sam/drivers/rtc/rtc.o
 .debug_macro   0x00013e3b      0x9b1 src/ASF/sam/drivers/rtc/rtc.o
 .debug_macro   0x000147ec       0x6a src/ASF/sam/drivers/rtc/rtc.o
 .debug_macro   0x00014856       0x88 src/ASF/sam/drivers/rtc/rtc.o
 .debug_macro   0x000148de       0x58 src/ASF/sam/drivers/rtc/rtc.o
 .debug_macro   0x00014936       0xe2 src/ASF/sam/drivers/rtc/rtc.o
 .debug_macro   0x00014a18       0x16 src/ASF/sam/drivers/rtc/rtc.o
 .debug_macro   0x00014a2e       0xe2 src/ASF/sam/drivers/rtc/rtc.o
 .debug_macro   0x00014b10       0x4c src/ASF/sam/drivers/rtc/rtc.o
 .debug_macro   0x00014b5c       0x16 src/ASF/sam/drivers/rtc/rtc.o
 .debug_macro   0x00014b72       0x4c src/ASF/sam/drivers/rtc/rtc.o
 .debug_macro   0x00014bbe       0x2e src/ASF/sam/drivers/rtc/rtc.o
 .debug_macro   0x00014bec      0x1b5 src/ASF/sam/drivers/rtc/rtc.o
 .debug_macro   0x00014da1      0x1b5 src/ASF/sam/drivers/rtc/rtc.o
 .debug_macro   0x00014f56      0x1b5 src/ASF/sam/drivers/rtc/rtc.o
 .debug_macro   0x0001510b      0x1b5 src/ASF/sam/drivers/rtc/rtc.o
 .debug_macro   0x000152c0      0x1b5 src/ASF/sam/drivers/rtc/rtc.o
 .debug_macro   0x00015475       0x1c src/ASF/sam/drivers/rtc/rtc.o
 .debug_macro   0x00015491       0x2e src/ASF/sam/drivers/rtc/rtc.o
 .debug_macro   0x000154bf       0x22 src/ASF/sam/drivers/rtc/rtc.o
 .debug_macro   0x000154e1       0x1c src/ASF/sam/drivers/rtc/rtc.o
 .debug_macro   0x000154fd       0x52 src/ASF/sam/drivers/rtc/rtc.o
 .debug_macro   0x0001554f       0x10 src/ASF/sam/drivers/rtc/rtc.o
 .debug_macro   0x0001555f       0x1c src/ASF/sam/drivers/rtc/rtc.o
 .debug_macro   0x0001557b       0x4c src/ASF/sam/drivers/rtc/rtc.o
 .debug_macro   0x000155c7       0x4c src/ASF/sam/drivers/rtc/rtc.o
 .debug_macro   0x00015613       0x4c src/ASF/sam/drivers/rtc/rtc.o
 .debug_macro   0x0001565f      0x31b src/ASF/sam/drivers/rtc/rtc.o
 .debug_macro   0x0001597a     0x1022 src/ASF/sam/drivers/rtc/rtc.o
 .debug_macro   0x0001699c      0x107 src/ASF/sam/drivers/rtc/rtc.o
 .debug_macro   0x00016aa3       0x58 src/ASF/sam/drivers/rtc/rtc.o
 .debug_macro   0x00016afb       0x35 src/ASF/sam/drivers/rtc/rtc.o
 .debug_macro   0x00016b30       0x9c src/ASF/sam/drivers/rtc/rtc.o
 .debug_macro   0x00016bcc       0x16 src/ASF/sam/drivers/rtc/rtc.o
 .debug_macro   0x00016be2       0x35 src/ASF/sam/drivers/rtc/rtc.o
 .debug_macro   0x00016c17      0x353 src/ASF/sam/drivers/rtc/rtc.o
 .debug_macro   0x00016f6a       0x10 src/ASF/sam/drivers/rtc/rtc.o
 .debug_macro   0x00016f7a       0x58 src/ASF/sam/drivers/rtc/rtc.o
 .debug_macro   0x00016fd2       0x1f src/ASF/sam/drivers/rtc/rtc.o
 .debug_macro   0x00016ff1       0x43 src/ASF/sam/drivers/rtc/rtc.o
 .debug_macro   0x00017034       0x20 src/ASF/sam/drivers/rtc/rtc.o
 .debug_macro   0x00017054      0x187 src/ASF/sam/drivers/rtc/rtc.o
 .debug_macro   0x000171db       0x10 src/ASF/sam/drivers/rtc/rtc.o
 .debug_macro   0x000171eb       0x1c src/ASF/sam/drivers/rtc/rtc.o
 .debug_macro   0x00017207       0x52 src/ASF/sam/drivers/rtc/rtc.o
 .debug_macro   0x00017259       0x40 src/ASF/sam/drivers/rtc/rtc.o
 .debug_macro   0x00017299       0x10 src/ASF/sam/drivers/rtc/rtc.o
 .debug_macro   0x000172a9       0x40 src/ASF/sam/drivers/rtc/rtc.o
 .debug_macro   0x000172e9       0xd7 src/ASF/sam/drivers/rtc/rtc.o
 .debug_macro   0x000173c0       0x16 src/ASF/sam/drivers/rtc/rtc.o
 .debug_macro   0x000173d6      0x18b src/ASF/sam/drivers/rtc/rtc.o
 .debug_macro   0x00017561       0x22 src/ASF/sam/drivers/rtc/rtc.o
 .debug_macro   0x00017583       0x16 src/ASF/sam/drivers/rtc/rtc.o
 .debug_macro   0x00017599       0x16 src/ASF/sam/drivers/rtc/rtc.o
 .debug_macro   0x000175af       0x29 src/ASF/sam/drivers/rtc/rtc.o
 .debug_macro   0x000175d8       0x75 src/ASF/sam/drivers/rtc/rtc.o
 .debug_macro   0x0001764d       0x3f src/ASF/sam/drivers/rtc/rtc.o
 .debug_macro   0x0001768c      0x3ca src/ASF/sam/drivers/rtc/rtc.o
 .debug_macro   0x00017a56      0x660 src/ASF/sam/drivers/rtt/rtt.o
 .debug_macro   0x000180b6      0x6d9 src/ASF/sam/drivers/spi/spi.o
 .debug_macro   0x0001878f       0x10 src/ASF/sam/drivers/spi/spi.o
 .debug_macro   0x0001879f       0x3a src/ASF/sam/drivers/spi/spi.o
 .debug_macro   0x000187d9      0x2c6 src/ASF/sam/drivers/spi/spi.o
 .debug_macro   0x00018a9f      0xa96 src/ASF/sam/drivers/spi/spi.o
 .debug_macro   0x00019535       0x70 src/ASF/sam/drivers/spi/spi.o
 .debug_macro   0x000195a5       0x64 src/ASF/sam/drivers/spi/spi.o
 .debug_macro   0x00019609       0x5f src/ASF/sam/drivers/spi/spi.o
 .debug_macro   0x00019668       0xac src/ASF/sam/drivers/spi/spi.o
 .debug_macro   0x00019714      0x66d src/ASF/sam/drivers/tc/tc.o
 .debug_macro   0x00019d81       0x52 src/ASF/sam/drivers/tc/tc.o
 .debug_macro   0x00019dd3       0x8d src/ASF/sam/drivers/tc/tc.o
 .debug_macro   0x00019e60       0x16 src/ASF/sam/drivers/tc/tc.o
 .debug_macro   0x00019e76       0x57 src/ASF/sam/drivers/tc/tc.o
 .debug_macro   0x00019ecd       0x1c src/ASF/sam/drivers/tc/tc.o
 .debug_macro   0x00019ee9      0x7e6 src/oled/gfx_mono_framebuffer.o
 .debug_macro   0x0001a6cf       0x50 src/oled/gfx_mono_framebuffer.o
 .debug_macro   0x0001a71f       0x22 src/oled/gfx_mono_framebuffer.o
 .debug_macro   0x0001a741       0x7b src/oled/gfx_mono_framebuffer.o
 .debug_macro   0x0001a7bc       0x28 src/oled/gfx_mono_framebuffer.o
 .debug_macro   0x0001a7e4       0x23 src/oled/gfx_mono_framebuffer.o
 .debug_macro   0x0001a807       0x94 src/oled/gfx_mono_framebuffer.o
 .debug_macro   0x0001a89b       0x40 src/oled/gfx_mono_framebuffer.o
 .debug_macro   0x0001a8db       0x88 src/oled/gfx_mono_framebuffer.o
 .debug_macro   0x0001a963      0x1ce src/oled/gfx_mono_framebuffer.o
 .debug_macro   0x0001ab31       0x34 src/oled/gfx_mono_framebuffer.o
 .debug_macro   0x0001ab65       0x16 src/oled/gfx_mono_framebuffer.o
 .debug_macro   0x0001ab7b       0x1c src/oled/gfx_mono_framebuffer.o
 .debug_macro   0x0001ab97       0x16 src/oled/gfx_mono_framebuffer.o
 .debug_macro   0x0001abad       0x28 src/oled/gfx_mono_framebuffer.o
 .debug_macro   0x0001abd5       0xd1 src/oled/gfx_mono_framebuffer.o
 .debug_macro   0x0001aca6       0x8b src/oled/gfx_mono_framebuffer.o
 .debug_macro   0x0001ad31      0x7ea src/oled/gfx_mono_ug_2832hsweg04.o
 .debug_macro   0x0001b51b       0x28 src/oled/gfx_mono_ug_2832hsweg04.o
 .debug_macro   0x0001b543      0x7c0 src/oled/ssd1306.o
 .debug_macro   0x0001bd03      0x665 src/ASF/common/services/delay/sam/cycle_counter.o
 .debug_macro   0x0001c368       0x22 src/ASF/common/services/delay/sam/cycle_counter.o
 .debug_macro   0x0001c38a      0x6d1 src/ASF/common/services/clock/same70/sysclk.o
 .debug_macro   0x0001ca5b      0x2c0 src/ASF/common/services/clock/same70/sysclk.o
 .debug_macro   0x0001cd1b      0x655 src/ASF/common/utils/interrupt/interrupt_sam_nvic.o
 .debug_macro   0x0001d370      0x70b src/ASF/sam/boards/same70_xplained/init.o
 .debug_macro   0x0001da7b       0x82 src/ASF/sam/boards/same70_xplained/init.o
 .debug_macro   0x0001dafd      0x66b src/ASF/sam/drivers/pio/pio.o
 .debug_macro   0x0001e168       0x8e src/ASF/sam/drivers/pio/pio.o
 .debug_macro   0x0001e1f6      0x676 src/ASF/sam/drivers/pio/pio_handler.o
 .debug_macro   0x0001e86c      0x66b src/ASF/sam/drivers/pmc/pmc.o
 .debug_macro   0x0001eed7       0x6a src/ASF/sam/drivers/pmc/pmc.o
 .debug_macro   0x0001ef41      0x684 src/ASF/sam/drivers/pmc/sleep.o
 .debug_macro   0x0001f5c5      0x664 src/ASF/sam/utils/cmsis/same70/source/templates/gcc/startup_same70.o
 .debug_macro   0x0001fc29       0x10 src/ASF/sam/utils/cmsis/same70/source/templates/gcc/startup_same70.o
 .debug_macro   0x0001fc39      0x455 src/ASF/sam/utils/cmsis/same70/source/templates/system_same70.o
 .debug_macro   0x0002008e      0x8a1 src/main.o

.debug_line     0x00000000     0xdc33
 .debug_line    0x00000000      0xbe4 src/ASF/sam/drivers/rtc/rtc.o
 .debug_line    0x00000be4      0xa72 src/ASF/sam/drivers/rtt/rtt.o
 .debug_line    0x00001656      0xc41 src/ASF/sam/drivers/spi/spi.o
 .debug_line    0x00002297      0xb85 src/ASF/sam/drivers/tc/tc.o
 .debug_line    0x00002e1c      0xe87 src/oled/gfx_mono_framebuffer.o
 .debug_line    0x00003ca3      0xf0f src/oled/gfx_mono_ug_2832hsweg04.o
 .debug_line    0x00004bb2      0xe64 src/oled/ssd1306.o
 .debug_line    0x00005a16      0x9ed src/ASF/common/services/delay/sam/cycle_counter.o
 .debug_line    0x00006403      0xb4f src/ASF/common/services/clock/same70/sysclk.o
 .debug_line    0x00006f52      0xa01 src/ASF/common/utils/interrupt/interrupt_sam_nvic.o
 .debug_line    0x00007953      0xc04 src/ASF/sam/boards/same70_xplained/init.o
 .debug_line    0x00008557      0xee3 src/ASF/sam/drivers/pio/pio.o
 .debug_line    0x0000943a      0xabf src/ASF/sam/drivers/pio/pio_handler.o
 .debug_line    0x00009ef9     0x106b src/ASF/sam/drivers/pmc/pmc.o
 .debug_line    0x0000af64      0xb4c src/ASF/sam/drivers/pmc/sleep.o
 .debug_line    0x0000bab0      0xa73 src/ASF/sam/utils/cmsis/same70/source/templates/gcc/startup_same70.o
 .debug_line    0x0000c523      0x7e9 src/ASF/sam/utils/cmsis/same70/source/templates/system_same70.o
 .debug_line    0x0000cd0c      0xf27 src/main.o

.debug_str      0x00000000    0x8fdf0
 .debug_str     0x00000000    0x81bca src/ASF/sam/drivers/rtc/rtc.o
                              0x8226b (size before relaxing)
 .debug_str     0x00081bca      0x132 src/ASF/sam/drivers/rtt/rtt.o
                              0x8202e (size before relaxing)
 .debug_str     0x00081cfc     0x4607 src/ASF/sam/drivers/spi/spi.o
                              0x86543 (size before relaxing)
 .debug_str     0x00086303      0x2fc src/ASF/sam/drivers/tc/tc.o
                              0x8228c (size before relaxing)
 .debug_str     0x000865ff     0x2ac4 src/oled/gfx_mono_framebuffer.o
                              0x88c3f (size before relaxing)
 .debug_str     0x000890c3      0x16d src/oled/gfx_mono_ug_2832hsweg04.o
                              0x88d1f (size before relaxing)
 .debug_str     0x00089230      0x612 src/oled/ssd1306.o
                              0x88957 (size before relaxing)
 .debug_str     0x00089842       0x35 src/ASF/common/services/delay/sam/cycle_counter.o
                              0x820a9 (size before relaxing)
 .debug_str     0x00089877      0x3f1 src/ASF/common/services/clock/same70/sysclk.o
                              0x865c7 (size before relaxing)
 .debug_str     0x00089c68       0x94 src/ASF/common/utils/interrupt/interrupt_sam_nvic.o
                              0x81f79 (size before relaxing)
 .debug_str     0x00089cfc      0x4f4 src/ASF/sam/boards/same70_xplained/init.o
                              0x870b7 (size before relaxing)
 .debug_str     0x0008a1f0      0x559 src/ASF/sam/drivers/pio/pio.o
                              0x82acf (size before relaxing)
 .debug_str     0x0008a749      0x437 src/ASF/sam/drivers/pio/pio_handler.o
                              0x82bf1 (size before relaxing)
 .debug_str     0x0008ab80      0x68e src/ASF/sam/drivers/pmc/pmc.o
                              0x82c33 (size before relaxing)
 .debug_str     0x0008b20e      0x165 src/ASF/sam/drivers/pmc/sleep.o
                              0x85ef2 (size before relaxing)
 .debug_str     0x0008b373      0x64c src/ASF/sam/utils/cmsis/same70/source/templates/gcc/startup_same70.o
                              0x82746 (size before relaxing)
 .debug_str     0x0008b9bf      0x137 src/ASF/sam/utils/cmsis/same70/source/templates/system_same70.o
                              0x72852 (size before relaxing)
 .debug_str     0x0008baf6     0x42fa src/main.o
                              0x8d956 (size before relaxing)

.debug_frame    0x00000000     0x15d0
 .debug_frame   0x00000000      0x1b0 src/ASF/sam/drivers/rtc/rtc.o
 .debug_frame   0x000001b0       0xac src/ASF/sam/drivers/rtt/rtt.o
 .debug_frame   0x0000025c      0x140 src/ASF/sam/drivers/spi/spi.o
 .debug_frame   0x0000039c      0x1a8 src/ASF/sam/drivers/tc/tc.o
 .debug_frame   0x00000544       0xdc src/oled/gfx_mono_framebuffer.o
 .debug_frame   0x00000620      0x124 src/oled/gfx_mono_ug_2832hsweg04.o
 .debug_frame   0x00000744       0x6c src/oled/ssd1306.o
 .debug_frame   0x000007b0       0x20 src/ASF/common/services/delay/sam/cycle_counter.o
 .debug_frame   0x000007d0       0x88 src/ASF/common/services/clock/same70/sysclk.o
 .debug_frame   0x00000858       0x30 src/ASF/common/utils/interrupt/interrupt_sam_nvic.o
 .debug_frame   0x00000888       0x30 src/ASF/sam/boards/same70_xplained/init.o
 .debug_frame   0x000008b8      0x390 src/ASF/sam/drivers/pio/pio.o
 .debug_frame   0x00000c48      0x110 src/ASF/sam/drivers/pio/pio_handler.o
 .debug_frame   0x00000d58      0x494 src/ASF/sam/drivers/pmc/pmc.o
 .debug_frame   0x000011ec       0x5c src/ASF/sam/drivers/pmc/sleep.o
 .debug_frame   0x00001248       0x38 src/ASF/sam/utils/cmsis/same70/source/templates/gcc/startup_same70.o
 .debug_frame   0x00001280       0x40 src/ASF/sam/utils/cmsis/same70/source/templates/system_same70.o
 .debug_frame   0x000012c0      0x150 src/main.o
 .debug_frame   0x00001410       0x2c c:/program files (x86)/atmel/studio/7.0/toolchain/arm/arm-gnu-toolchain/bin/../lib/gcc/arm-none-eabi/6.3.1/../../../../arm-none-eabi/lib/thumb/v7e-m\libc.a(lib_a-init.o)
 .debug_frame   0x0000143c       0x5c c:/program files (x86)/atmel/studio/7.0/toolchain/arm/arm-gnu-toolchain/bin/../lib/gcc/arm-none-eabi/6.3.1/../../../../arm-none-eabi/lib/thumb/v7e-m\libc.a(lib_a-__call_atexit.o)
 .debug_frame   0x00001498       0x20 c:/program files (x86)/atmel/studio/7.0/toolchain/arm/arm-gnu-toolchain/bin/../lib/gcc/arm-none-eabi/6.3.1/../../../../arm-none-eabi/lib/thumb/v7e-m\libc.a(lib_a-atexit.o)
 .debug_frame   0x000014b8       0x34 c:/program files (x86)/atmel/studio/7.0/toolchain/arm/arm-gnu-toolchain/bin/../lib/gcc/arm-none-eabi/6.3.1/../../../../arm-none-eabi/lib/thumb/v7e-m\libc.a(lib_a-fini.o)
 .debug_frame   0x000014ec       0xb0 c:/program files (x86)/atmel/studio/7.0/toolchain/arm/arm-gnu-toolchain/bin/../lib/gcc/arm-none-eabi/6.3.1/../../../../arm-none-eabi/lib/thumb/v7e-m\libc.a(lib_a-lock.o)
 .debug_frame   0x0000159c       0x34 c:/program files (x86)/atmel/studio/7.0/toolchain/arm/arm-gnu-toolchain/bin/../lib/gcc/arm-none-eabi/6.3.1/../../../../arm-none-eabi/lib/thumb/v7e-m\libc.a(lib_a-__atexit.o)

Cross Reference Table

Symbol                                            File
ACC_Handler                                       src/ASF/sam/utils/cmsis/same70/source/templates/gcc/startup_same70.o
AES_Handler                                       src/ASF/sam/utils/cmsis/same70/source/templates/gcc/startup_same70.o
AFEC0_Handler                                     src/ASF/sam/utils/cmsis/same70/source/templates/gcc/startup_same70.o
AFEC1_Handler                                     src/ASF/sam/utils/cmsis/same70/source/templates/gcc/startup_same70.o
BusFault_Handler                                  src/ASF/sam/utils/cmsis/same70/source/templates/gcc/startup_same70.o
DACC_Handler                                      src/ASF/sam/utils/cmsis/same70/source/templates/gcc/startup_same70.o
DebugMon_Handler                                  src/ASF/sam/utils/cmsis/same70/source/templates/gcc/startup_same70.o
Dummy_Handler                                     src/ASF/sam/utils/cmsis/same70/source/templates/gcc/startup_same70.o
EFC_Handler                                       src/ASF/sam/utils/cmsis/same70/source/templates/gcc/startup_same70.o
GMAC_Handler                                      src/ASF/sam/utils/cmsis/same70/source/templates/gcc/startup_same70.o
HSMCI_Handler                                     src/ASF/sam/utils/cmsis/same70/source/templates/gcc/startup_same70.o
HardFault_Handler                                 src/ASF/sam/utils/cmsis/same70/source/templates/gcc/startup_same70.o
ICM_Handler                                       src/ASF/sam/utils/cmsis/same70/source/templates/gcc/startup_same70.o
ISI_Handler                                       src/ASF/sam/utils/cmsis/same70/source/templates/gcc/startup_same70.o
MCAN0_Handler                                     src/ASF/sam/utils/cmsis/same70/source/templates/gcc/startup_same70.o
MCAN1_Handler                                     src/ASF/sam/utils/cmsis/same70/source/templates/gcc/startup_same70.o
MemManage_Handler                                 src/ASF/sam/utils/cmsis/same70/source/templates/gcc/startup_same70.o
NMI_Handler                                       src/ASF/sam/utils/cmsis/same70/source/templates/gcc/startup_same70.o
PIOA_Handler                                      src/ASF/sam/drivers/pio/pio_handler.o
PIOB_Handler                                      src/ASF/sam/drivers/pio/pio_handler.o
PIOC_Handler                                      src/ASF/sam/drivers/pio/pio_handler.o
PIOD_Handler                                      src/ASF/sam/drivers/pio/pio_handler.o
PIOE_Handler                                      src/ASF/sam/drivers/pio/pio_handler.o
PMC_Handler                                       src/ASF/sam/utils/cmsis/same70/source/templates/gcc/startup_same70.o
PWM0_Handler                                      src/ASF/sam/utils/cmsis/same70/source/templates/gcc/startup_same70.o
PWM1_Handler                                      src/ASF/sam/utils/cmsis/same70/source/templates/gcc/startup_same70.o
PendSV_Handler                                    src/ASF/sam/utils/cmsis/same70/source/templates/gcc/startup_same70.o
QSPI_Handler                                      src/ASF/sam/utils/cmsis/same70/source/templates/gcc/startup_same70.o
RSTC_Handler                                      src/ASF/sam/utils/cmsis/same70/source/templates/gcc/startup_same70.o
RSWDT_Handler                                     src/ASF/sam/utils/cmsis/same70/source/templates/gcc/startup_same70.o
RTC_Handler                                       src/main.o
                                                  src/ASF/sam/utils/cmsis/same70/source/templates/gcc/startup_same70.o
RTC_init                                          src/main.o
RTT_Handler                                       src/main.o
                                                  src/ASF/sam/utils/cmsis/same70/source/templates/gcc/startup_same70.o
Reset_Handler                                     src/ASF/sam/utils/cmsis/same70/source/templates/gcc/startup_same70.o
SDRAMC_Handler                                    src/ASF/sam/utils/cmsis/same70/source/templates/gcc/startup_same70.o
SPI0_Handler                                      src/ASF/sam/utils/cmsis/same70/source/templates/gcc/startup_same70.o
SPI1_Handler                                      src/ASF/sam/utils/cmsis/same70/source/templates/gcc/startup_same70.o
SSC_Handler                                       src/ASF/sam/utils/cmsis/same70/source/templates/gcc/startup_same70.o
SUPC_Handler                                      src/ASF/sam/utils/cmsis/same70/source/templates/gcc/startup_same70.o
SVC_Handler                                       src/ASF/sam/utils/cmsis/same70/source/templates/gcc/startup_same70.o
SysTick_Handler                                   src/ASF/sam/utils/cmsis/same70/source/templates/gcc/startup_same70.o
SystemCoreClock                                   src/ASF/sam/utils/cmsis/same70/source/templates/system_same70.o
SystemCoreClockUpdate                             src/ASF/sam/utils/cmsis/same70/source/templates/system_same70.o
                                                  src/ASF/common/services/clock/same70/sysclk.o
SystemInit                                        src/ASF/sam/utils/cmsis/same70/source/templates/system_same70.o
TC0_Handler                                       src/ASF/sam/utils/cmsis/same70/source/templates/gcc/startup_same70.o
TC10_Handler                                      src/ASF/sam/utils/cmsis/same70/source/templates/gcc/startup_same70.o
TC11_Handler                                      src/ASF/sam/utils/cmsis/same70/source/templates/gcc/startup_same70.o
TC1_Handler                                       src/main.o
                                                  src/ASF/sam/utils/cmsis/same70/source/templates/gcc/startup_same70.o
TC2_Handler                                       src/ASF/sam/utils/cmsis/same70/source/templates/gcc/startup_same70.o
TC3_Handler                                       src/ASF/sam/utils/cmsis/same70/source/templates/gcc/startup_same70.o
TC4_Handler                                       src/ASF/sam/utils/cmsis/same70/source/templates/gcc/startup_same70.o
TC5_Handler                                       src/ASF/sam/utils/cmsis/same70/source/templates/gcc/startup_same70.o
TC6_Handler                                       src/ASF/sam/utils/cmsis/same70/source/templates/gcc/startup_same70.o
TC7_Handler                                       src/ASF/sam/utils/cmsis/same70/source/templates/gcc/startup_same70.o
TC8_Handler                                       src/ASF/sam/utils/cmsis/same70/source/templates/gcc/startup_same70.o
TC9_Handler                                       src/ASF/sam/utils/cmsis/same70/source/templates/gcc/startup_same70.o
TC_init                                           src/main.o
TRNG_Handler                                      src/ASF/sam/utils/cmsis/same70/source/templates/gcc/startup_same70.o
TWIHS0_Handler                                    src/ASF/sam/utils/cmsis/same70/source/templates/gcc/startup_same70.o
TWIHS1_Handler                                    src/ASF/sam/utils/cmsis/same70/source/templates/gcc/startup_same70.o
TWIHS2_Handler                                    src/ASF/sam/utils/cmsis/same70/source/templates/gcc/startup_same70.o
UART0_Handler                                     src/ASF/sam/utils/cmsis/same70/source/templates/gcc/startup_same70.o
UART1_Handler                                     src/ASF/sam/utils/cmsis/same70/source/templates/gcc/startup_same70.o
UART2_Handler                                     src/ASF/sam/utils/cmsis/same70/source/templates/gcc/startup_same70.o
UART3_Handler                                     src/ASF/sam/utils/cmsis/same70/source/templates/gcc/startup_same70.o
UART4_Handler                                     src/ASF/sam/utils/cmsis/same70/source/templates/gcc/startup_same70.o
USART0_Handler                                    src/ASF/sam/utils/cmsis/same70/source/templates/gcc/startup_same70.o
USART1_Handler                                    src/ASF/sam/utils/cmsis/same70/source/templates/gcc/startup_same70.o
USART2_Handler                                    src/ASF/sam/utils/cmsis/same70/source/templates/gcc/startup_same70.o
USBHS_Handler                                     src/ASF/sam/utils/cmsis/same70/source/templates/gcc/startup_same70.o
UsageFault_Handler                                src/ASF/sam/utils/cmsis/same70/source/templates/gcc/startup_same70.o
WDT_Handler                                       src/ASF/sam/utils/cmsis/same70/source/templates/gcc/startup_same70.o
XDMAC_Handler                                     src/ASF/sam/utils/cmsis/same70/source/templates/gcc/startup_same70.o
_Jv_RegisterClasses                               c:/program files (x86)/atmel/studio/7.0/toolchain/arm/arm-gnu-toolchain/bin/../lib/gcc/arm-none-eabi/6.3.1/thumb/v7e-m/crtbegin.o
__atexit_recursive_mutex                          c:/program files (x86)/atmel/studio/7.0/toolchain/arm/arm-gnu-toolchain/bin/../lib/gcc/arm-none-eabi/6.3.1/../../../../arm-none-eabi/lib/thumb/v7e-m\libc.a(lib_a-__call_atexit.o)
                                                  c:/program files (x86)/atmel/studio/7.0/toolchain/arm/arm-gnu-toolchain/bin/../lib/gcc/arm-none-eabi/6.3.1/../../../../arm-none-eabi/lib/thumb/v7e-m\libc.a(lib_a-__atexit.o)
__bss_end__                                       c:/program files (x86)/atmel/studio/7.0/toolchain/arm/arm-gnu-toolchain/bin/../lib/gcc/arm-none-eabi/6.3.1/../../../../arm-none-eabi/lib/thumb/v7e-m/crt0.o
__bss_start__                                     c:/program files (x86)/atmel/studio/7.0/toolchain/arm/arm-gnu-toolchain/bin/../lib/gcc/arm-none-eabi/6.3.1/../../../../arm-none-eabi/lib/thumb/v7e-m/crt0.o
__call_exitprocs                                  c:/program files (x86)/atmel/studio/7.0/toolchain/arm/arm-gnu-toolchain/bin/../lib/gcc/arm-none-eabi/6.3.1/../../../../arm-none-eabi/lib/thumb/v7e-m\libc.a(lib_a-__call_atexit.o)
                                                  c:/program files (x86)/atmel/studio/7.0/toolchain/arm/arm-gnu-toolchain/bin/../lib/gcc/arm-none-eabi/6.3.1/../../../../arm-none-eabi/lib/thumb/v7e-m\libc.a(lib_a-exit.o)
__deregister_frame_info                           c:/program files (x86)/atmel/studio/7.0/toolchain/arm/arm-gnu-toolchain/bin/../lib/gcc/arm-none-eabi/6.3.1/thumb/v7e-m/crtbegin.o
__dso_handle                                      c:/program files (x86)/atmel/studio/7.0/toolchain/arm/arm-gnu-toolchain/bin/../lib/gcc/arm-none-eabi/6.3.1/thumb/v7e-m/crtbegin.o
__fini_array_end                                  c:/program files (x86)/atmel/studio/7.0/toolchain/arm/arm-gnu-toolchain/bin/../lib/gcc/arm-none-eabi/6.3.1/../../../../arm-none-eabi/lib/thumb/v7e-m\libc.a(lib_a-fini.o)
__fini_array_start                                c:/program files (x86)/atmel/studio/7.0/toolchain/arm/arm-gnu-toolchain/bin/../lib/gcc/arm-none-eabi/6.3.1/../../../../arm-none-eabi/lib/thumb/v7e-m\libc.a(lib_a-fini.o)
__init_array_end                                  c:/program files (x86)/atmel/studio/7.0/toolchain/arm/arm-gnu-toolchain/bin/../lib/gcc/arm-none-eabi/6.3.1/../../../../arm-none-eabi/lib/thumb/v7e-m\libc.a(lib_a-init.o)
__init_array_start                                c:/program files (x86)/atmel/studio/7.0/toolchain/arm/arm-gnu-toolchain/bin/../lib/gcc/arm-none-eabi/6.3.1/../../../../arm-none-eabi/lib/thumb/v7e-m\libc.a(lib_a-init.o)
__libc_fini                                       c:/program files (x86)/atmel/studio/7.0/toolchain/arm/arm-gnu-toolchain/bin/../lib/gcc/arm-none-eabi/6.3.1/../../../../arm-none-eabi/lib/thumb/v7e-m\libc.a(lib_a-__call_atexit.o)
__libc_fini_array                                 c:/program files (x86)/atmel/studio/7.0/toolchain/arm/arm-gnu-toolchain/bin/../lib/gcc/arm-none-eabi/6.3.1/../../../../arm-none-eabi/lib/thumb/v7e-m\libc.a(lib_a-fini.o)
                                                  c:/program files (x86)/atmel/studio/7.0/toolchain/arm/arm-gnu-toolchain/bin/../lib/gcc/arm-none-eabi/6.3.1/../../../../arm-none-eabi/lib/thumb/v7e-m\libc.a(lib_a-__call_atexit.o)
                                                  c:/program files (x86)/atmel/studio/7.0/toolchain/arm/arm-gnu-toolchain/bin/../lib/gcc/arm-none-eabi/6.3.1/../../../../arm-none-eabi/lib/thumb/v7e-m/crt0.o
__libc_init_array                                 c:/program files (x86)/atmel/studio/7.0/toolchain/arm/arm-gnu-toolchain/bin/../lib/gcc/arm-none-eabi/6.3.1/../../../../arm-none-eabi/lib/thumb/v7e-m\libc.a(lib_a-init.o)
                                                  src/ASF/sam/utils/cmsis/same70/source/templates/gcc/startup_same70.o
                                                  c:/program files (x86)/atmel/studio/7.0/toolchain/arm/arm-gnu-toolchain/bin/../lib/gcc/arm-none-eabi/6.3.1/../../../../arm-none-eabi/lib/thumb/v7e-m/crt0.o
__lock___arc4random_mutex                         c:/program files (x86)/atmel/studio/7.0/toolchain/arm/arm-gnu-toolchain/bin/../lib/gcc/arm-none-eabi/6.3.1/../../../../arm-none-eabi/lib/thumb/v7e-m\libc.a(lib_a-lock.o)
__lock___at_quick_exit_mutex                      c:/program files (x86)/atmel/studio/7.0/toolchain/arm/arm-gnu-toolchain/bin/../lib/gcc/arm-none-eabi/6.3.1/../../../../arm-none-eabi/lib/thumb/v7e-m\libc.a(lib_a-lock.o)
__lock___atexit_recursive_mutex                   c:/program files (x86)/atmel/studio/7.0/toolchain/arm/arm-gnu-toolchain/bin/../lib/gcc/arm-none-eabi/6.3.1/../../../../arm-none-eabi/lib/thumb/v7e-m\libc.a(lib_a-lock.o)
                                                  c:/program files (x86)/atmel/studio/7.0/toolchain/arm/arm-gnu-toolchain/bin/../lib/gcc/arm-none-eabi/6.3.1/../../../../arm-none-eabi/lib/thumb/v7e-m\libc.a(lib_a-__call_atexit.o)
__lock___dd_hash_mutex                            c:/program files (x86)/atmel/studio/7.0/toolchain/arm/arm-gnu-toolchain/bin/../lib/gcc/arm-none-eabi/6.3.1/../../../../arm-none-eabi/lib/thumb/v7e-m\libc.a(lib_a-lock.o)
__lock___env_recursive_mutex                      c:/program files (x86)/atmel/studio/7.0/toolchain/arm/arm-gnu-toolchain/bin/../lib/gcc/arm-none-eabi/6.3.1/../../../../arm-none-eabi/lib/thumb/v7e-m\libc.a(lib_a-lock.o)
__lock___malloc_recursive_mutex                   c:/program files (x86)/atmel/studio/7.0/toolchain/arm/arm-gnu-toolchain/bin/../lib/gcc/arm-none-eabi/6.3.1/../../../../arm-none-eabi/lib/thumb/v7e-m\libc.a(lib_a-lock.o)
__lock___sfp_recursive_mutex                      c:/program files (x86)/atmel/studio/7.0/toolchain/arm/arm-gnu-toolchain/bin/../lib/gcc/arm-none-eabi/6.3.1/../../../../arm-none-eabi/lib/thumb/v7e-m\libc.a(lib_a-lock.o)
__lock___sinit_recursive_mutex                    c:/program files (x86)/atmel/studio/7.0/toolchain/arm/arm-gnu-toolchain/bin/../lib/gcc/arm-none-eabi/6.3.1/../../../../arm-none-eabi/lib/thumb/v7e-m\libc.a(lib_a-lock.o)
__lock___tz_mutex                                 c:/program files (x86)/atmel/studio/7.0/toolchain/arm/arm-gnu-toolchain/bin/../lib/gcc/arm-none-eabi/6.3.1/../../../../arm-none-eabi/lib/thumb/v7e-m\libc.a(lib_a-lock.o)
__preinit_array_end                               c:/program files (x86)/atmel/studio/7.0/toolchain/arm/arm-gnu-toolchain/bin/../lib/gcc/arm-none-eabi/6.3.1/../../../../arm-none-eabi/lib/thumb/v7e-m\libc.a(lib_a-init.o)
__preinit_array_start                             c:/program files (x86)/atmel/studio/7.0/toolchain/arm/arm-gnu-toolchain/bin/../lib/gcc/arm-none-eabi/6.3.1/../../../../arm-none-eabi/lib/thumb/v7e-m\libc.a(lib_a-init.o)
__ram_end__                                       src/ASF/sam/utils/syscalls/gcc/syscalls.o
__register_exitproc                               c:/program files (x86)/atmel/studio/7.0/toolchain/arm/arm-gnu-toolchain/bin/../lib/gcc/arm-none-eabi/6.3.1/../../../../arm-none-eabi/lib/thumb/v7e-m\libc.a(lib_a-__atexit.o)
                                                  c:/program files (x86)/atmel/studio/7.0/toolchain/arm/arm-gnu-toolchain/bin/../lib/gcc/arm-none-eabi/6.3.1/../../../../arm-none-eabi/lib/thumb/v7e-m\libc.a(lib_a-atexit.o)
__register_frame_info                             c:/program files (x86)/atmel/studio/7.0/toolchain/arm/arm-gnu-toolchain/bin/../lib/gcc/arm-none-eabi/6.3.1/thumb/v7e-m/crtbegin.o
__retarget_lock_acquire                           c:/program files (x86)/atmel/studio/7.0/toolchain/arm/arm-gnu-toolchain/bin/../lib/gcc/arm-none-eabi/6.3.1/../../../../arm-none-eabi/lib/thumb/v7e-m\libc.a(lib_a-lock.o)
__retarget_lock_acquire_recursive                 c:/program files (x86)/atmel/studio/7.0/toolchain/arm/arm-gnu-toolchain/bin/../lib/gcc/arm-none-eabi/6.3.1/../../../../arm-none-eabi/lib/thumb/v7e-m\libc.a(lib_a-lock.o)
                                                  c:/program files (x86)/atmel/studio/7.0/toolchain/arm/arm-gnu-toolchain/bin/../lib/gcc/arm-none-eabi/6.3.1/../../../../arm-none-eabi/lib/thumb/v7e-m\libc.a(lib_a-__atexit.o)
                                                  c:/program files (x86)/atmel/studio/7.0/toolchain/arm/arm-gnu-toolchain/bin/../lib/gcc/arm-none-eabi/6.3.1/../../../../arm-none-eabi/lib/thumb/v7e-m\libc.a(lib_a-__call_atexit.o)
__retarget_lock_close                             c:/program files (x86)/atmel/studio/7.0/toolchain/arm/arm-gnu-toolchain/bin/../lib/gcc/arm-none-eabi/6.3.1/../../../../arm-none-eabi/lib/thumb/v7e-m\libc.a(lib_a-lock.o)
__retarget_lock_close_recursive                   c:/program files (x86)/atmel/studio/7.0/toolchain/arm/arm-gnu-toolchain/bin/../lib/gcc/arm-none-eabi/6.3.1/../../../../arm-none-eabi/lib/thumb/v7e-m\libc.a(lib_a-lock.o)
__retarget_lock_init                              c:/program files (x86)/atmel/studio/7.0/toolchain/arm/arm-gnu-toolchain/bin/../lib/gcc/arm-none-eabi/6.3.1/../../../../arm-none-eabi/lib/thumb/v7e-m\libc.a(lib_a-lock.o)
__retarget_lock_init_recursive                    c:/program files (x86)/atmel/studio/7.0/toolchain/arm/arm-gnu-toolchain/bin/../lib/gcc/arm-none-eabi/6.3.1/../../../../arm-none-eabi/lib/thumb/v7e-m\libc.a(lib_a-lock.o)
__retarget_lock_release                           c:/program files (x86)/atmel/studio/7.0/toolchain/arm/arm-gnu-toolchain/bin/../lib/gcc/arm-none-eabi/6.3.1/../../../../arm-none-eabi/lib/thumb/v7e-m\libc.a(lib_a-lock.o)
__retarget_lock_release_recursive                 c:/program files (x86)/atmel/studio/7.0/toolchain/arm/arm-gnu-toolchain/bin/../lib/gcc/arm-none-eabi/6.3.1/../../../../arm-none-eabi/lib/thumb/v7e-m\libc.a(lib_a-lock.o)
                                                  c:/program files (x86)/atmel/studio/7.0/toolchain/arm/arm-gnu-toolchain/bin/../lib/gcc/arm-none-eabi/6.3.1/../../../../arm-none-eabi/lib/thumb/v7e-m\libc.a(lib_a-__atexit.o)
                                                  c:/program files (x86)/atmel/studio/7.0/toolchain/arm/arm-gnu-toolchain/bin/../lib/gcc/arm-none-eabi/6.3.1/../../../../arm-none-eabi/lib/thumb/v7e-m\libc.a(lib_a-__call_atexit.o)
__retarget_lock_try_acquire                       c:/program files (x86)/atmel/studio/7.0/toolchain/arm/arm-gnu-toolchain/bin/../lib/gcc/arm-none-eabi/6.3.1/../../../../arm-none-eabi/lib/thumb/v7e-m\libc.a(lib_a-lock.o)
__retarget_lock_try_acquire_recursive             c:/program files (x86)/atmel/studio/7.0/toolchain/arm/arm-gnu-toolchain/bin/../lib/gcc/arm-none-eabi/6.3.1/../../../../arm-none-eabi/lib/thumb/v7e-m\libc.a(lib_a-lock.o)
__stack                                           c:/program files (x86)/atmel/studio/7.0/toolchain/arm/arm-gnu-toolchain/bin/../lib/gcc/arm-none-eabi/6.3.1/../../../../arm-none-eabi/lib/thumb/v7e-m/crt0.o
_close                                            src/ASF/sam/utils/syscalls/gcc/syscalls.o
_end                                              src/ASF/sam/utils/syscalls/gcc/syscalls.o
_erelocate                                        src/ASF/sam/utils/cmsis/same70/source/templates/gcc/startup_same70.o
_estack                                           src/ASF/sam/utils/cmsis/same70/source/templates/gcc/startup_same70.o
_etext                                            src/ASF/sam/utils/cmsis/same70/source/templates/gcc/startup_same70.o
_exit                                             src/ASF/sam/utils/syscalls/gcc/syscalls.o
                                                  c:/program files (x86)/atmel/studio/7.0/toolchain/arm/arm-gnu-toolchain/bin/../lib/gcc/arm-none-eabi/6.3.1/../../../../arm-none-eabi/lib/thumb/v7e-m\libc.a(lib_a-exit.o)
_ezero                                            src/ASF/sam/utils/cmsis/same70/source/templates/gcc/startup_same70.o
_fini                                             c:/program files (x86)/atmel/studio/7.0/toolchain/arm/arm-gnu-toolchain/bin/../lib/gcc/arm-none-eabi/6.3.1/thumb/v7e-m/crti.o
                                                  c:/program files (x86)/atmel/studio/7.0/toolchain/arm/arm-gnu-toolchain/bin/../lib/gcc/arm-none-eabi/6.3.1/../../../../arm-none-eabi/lib/thumb/v7e-m\libc.a(lib_a-fini.o)
_fstat                                            src/ASF/sam/utils/syscalls/gcc/syscalls.o
_getpid                                           src/ASF/sam/utils/syscalls/gcc/syscalls.o
_global_impure_ptr                                c:/program files (x86)/atmel/studio/7.0/toolchain/arm/arm-gnu-toolchain/bin/../lib/gcc/arm-none-eabi/6.3.1/../../../../arm-none-eabi/lib/thumb/v7e-m\libc.a(lib_a-impure.o)
                                                  c:/program files (x86)/atmel/studio/7.0/toolchain/arm/arm-gnu-toolchain/bin/../lib/gcc/arm-none-eabi/6.3.1/../../../../arm-none-eabi/lib/thumb/v7e-m\libc.a(lib_a-__atexit.o)
                                                  c:/program files (x86)/atmel/studio/7.0/toolchain/arm/arm-gnu-toolchain/bin/../lib/gcc/arm-none-eabi/6.3.1/../../../../arm-none-eabi/lib/thumb/v7e-m\libc.a(lib_a-__call_atexit.o)
                                                  c:/program files (x86)/atmel/studio/7.0/toolchain/arm/arm-gnu-toolchain/bin/../lib/gcc/arm-none-eabi/6.3.1/../../../../arm-none-eabi/lib/thumb/v7e-m\libc.a(lib_a-exit.o)
_impure_ptr                                       c:/program files (x86)/atmel/studio/7.0/toolchain/arm/arm-gnu-toolchain/bin/../lib/gcc/arm-none-eabi/6.3.1/../../../../arm-none-eabi/lib/thumb/v7e-m\libc.a(lib_a-impure.o)
_init                                             c:/program files (x86)/atmel/studio/7.0/toolchain/arm/arm-gnu-toolchain/bin/../lib/gcc/arm-none-eabi/6.3.1/thumb/v7e-m/crti.o
                                                  c:/program files (x86)/atmel/studio/7.0/toolchain/arm/arm-gnu-toolchain/bin/../lib/gcc/arm-none-eabi/6.3.1/../../../../arm-none-eabi/lib/thumb/v7e-m\libc.a(lib_a-init.o)
_isatty                                           src/ASF/sam/utils/syscalls/gcc/syscalls.o
_kill                                             src/ASF/sam/utils/syscalls/gcc/syscalls.o
_lseek                                            src/ASF/sam/utils/syscalls/gcc/syscalls.o
_mainCRTStartup                                   c:/program files (x86)/atmel/studio/7.0/toolchain/arm/arm-gnu-toolchain/bin/../lib/gcc/arm-none-eabi/6.3.1/../../../../arm-none-eabi/lib/thumb/v7e-m/crt0.o
_sbrk                                             src/ASF/sam/utils/syscalls/gcc/syscalls.o
_sfixed                                           src/ASF/sam/utils/cmsis/same70/source/templates/gcc/startup_same70.o
_srelocate                                        src/ASF/sam/utils/cmsis/same70/source/templates/gcc/startup_same70.o
_start                                            c:/program files (x86)/atmel/studio/7.0/toolchain/arm/arm-gnu-toolchain/bin/../lib/gcc/arm-none-eabi/6.3.1/../../../../arm-none-eabi/lib/thumb/v7e-m/crt0.o
_szero                                            src/ASF/sam/utils/cmsis/same70/source/templates/gcc/startup_same70.o
atexit                                            c:/program files (x86)/atmel/studio/7.0/toolchain/arm/arm-gnu-toolchain/bin/../lib/gcc/arm-none-eabi/6.3.1/../../../../arm-none-eabi/lib/thumb/v7e-m\libc.a(lib_a-atexit.o)
                                                  c:/program files (x86)/atmel/studio/7.0/toolchain/arm/arm-gnu-toolchain/bin/../lib/gcc/arm-none-eabi/6.3.1/../../../../arm-none-eabi/lib/thumb/v7e-m\libc.a(lib_a-__call_atexit.o)
                                                  c:/program files (x86)/atmel/studio/7.0/toolchain/arm/arm-gnu-toolchain/bin/../lib/gcc/arm-none-eabi/6.3.1/../../../../arm-none-eabi/lib/thumb/v7e-m/crt0.o
board_init                                        src/ASF/sam/boards/same70_xplained/init.o
                                                  src/main.o
but_callback                                      src/main.o
cpu_irq_enter_critical                            src/ASF/common/utils/interrupt/interrupt_sam_nvic.o
cpu_irq_leave_critical                            src/ASF/common/utils/interrupt/interrupt_sam_nvic.o
exception_table                                   src/ASF/sam/utils/cmsis/same70/source/templates/gcc/startup_same70.o
exit                                              c:/program files (x86)/atmel/studio/7.0/toolchain/arm/arm-gnu-toolchain/bin/../lib/gcc/arm-none-eabi/6.3.1/../../../../arm-none-eabi/lib/thumb/v7e-m\libc.a(lib_a-exit.o)
                                                  c:/program files (x86)/atmel/studio/7.0/toolchain/arm/arm-gnu-toolchain/bin/../lib/gcc/arm-none-eabi/6.3.1/../../../../arm-none-eabi/lib/thumb/v7e-m/crt0.o
flag_rtc_alarm                                    src/main.o
free                                              c:/program files (x86)/atmel/studio/7.0/toolchain/arm/arm-gnu-toolchain/bin/../lib/gcc/arm-none-eabi/6.3.1/../../../../arm-none-eabi/lib/thumb/v7e-m\libc.a(lib_a-__call_atexit.o)
g_interrupt_enabled                               src/ASF/common/utils/interrupt/interrupt_sam_nvic.o
                                                  src/ASF/sam/utils/cmsis/same70/source/templates/gcc/startup_same70.o
                                                  src/ASF/sam/drivers/pmc/sleep.o
                                                  src/ASF/sam/drivers/mpu/mpu.o
gfx_mono_draw_char                                src/oled/gfx_mono_text.o
gfx_mono_draw_progmem_string                      src/oled/gfx_mono_text.o
gfx_mono_draw_string                              src/oled/gfx_mono_text.o
gfx_mono_framebuffer_draw_pixel                   src/oled/gfx_mono_framebuffer.o
gfx_mono_framebuffer_get_byte                     src/oled/gfx_mono_framebuffer.o
                                                  src/oled/gfx_mono_ug_2832hsweg04.o
gfx_mono_framebuffer_get_page                     src/oled/gfx_mono_framebuffer.o
                                                  src/oled/gfx_mono_ug_2832hsweg04.o
gfx_mono_framebuffer_get_pixel                    src/oled/gfx_mono_framebuffer.o
gfx_mono_framebuffer_mask_byte                    src/oled/gfx_mono_framebuffer.o
gfx_mono_framebuffer_put_byte                     src/oled/gfx_mono_framebuffer.o
                                                  src/oled/gfx_mono_ug_2832hsweg04.o
gfx_mono_framebuffer_put_page                     src/oled/gfx_mono_framebuffer.o
                                                  src/oled/gfx_mono_ug_2832hsweg04.o
gfx_mono_generic_draw_circle                      src/oled/gfx_mono_generic.o
gfx_mono_generic_draw_filled_circle               src/oled/gfx_mono_generic.o
gfx_mono_generic_draw_filled_rect                 src/oled/gfx_mono_generic.o
                                                  src/oled/gfx_mono_text.o
gfx_mono_generic_draw_horizontal_line             src/oled/gfx_mono_generic.o
gfx_mono_generic_draw_line                        src/oled/gfx_mono_generic.o
gfx_mono_generic_draw_rect                        src/oled/gfx_mono_generic.o
gfx_mono_generic_draw_vertical_line               src/oled/gfx_mono_generic.o
gfx_mono_generic_put_bitmap                       src/oled/gfx_mono_generic.o
gfx_mono_get_progmem_string_bounding_box          src/oled/gfx_mono_text.o
gfx_mono_get_string_bounding_box                  src/oled/gfx_mono_text.o
gfx_mono_set_framebuffer                          src/oled/gfx_mono_framebuffer.o
                                                  src/oled/gfx_mono_ug_2832hsweg04.o
gfx_mono_ssd1306_draw_pixel                       src/oled/gfx_mono_ug_2832hsweg04.o
                                                  src/oled/gfx_mono_text.o
                                                  src/oled/gfx_mono_generic.o
gfx_mono_ssd1306_get_byte                         src/oled/gfx_mono_ug_2832hsweg04.o
                                                  src/oled/gfx_mono_generic.o
                                                  src/oled/gfx_mono_framebuffer.o
gfx_mono_ssd1306_get_page                         src/oled/gfx_mono_ug_2832hsweg04.o
gfx_mono_ssd1306_get_pixel                        src/oled/gfx_mono_ug_2832hsweg04.o
gfx_mono_ssd1306_init                             src/oled/gfx_mono_ug_2832hsweg04.o
                                                  src/main.o
gfx_mono_ssd1306_mask_byte                        src/oled/gfx_mono_ug_2832hsweg04.o
                                                  src/oled/gfx_mono_generic.o
gfx_mono_ssd1306_put_byte                         src/oled/gfx_mono_ug_2832hsweg04.o
                                                  src/oled/gfx_mono_generic.o
                                                  src/oled/gfx_mono_framebuffer.o
gfx_mono_ssd1306_put_framebuffer                  src/oled/gfx_mono_ug_2832hsweg04.o
gfx_mono_ssd1306_put_page                         src/oled/gfx_mono_ug_2832hsweg04.o
                                                  src/oled/gfx_mono_generic.o
hardware_init_hook                                c:/program files (x86)/atmel/studio/7.0/toolchain/arm/arm-gnu-toolchain/bin/../lib/gcc/arm-none-eabi/6.3.1/../../../../arm-none-eabi/lib/thumb/v7e-m/crt0.o
init                                              src/main.o
link                                              src/ASF/sam/utils/syscalls/gcc/syscalls.o
main                                              src/main.o
                                                  src/ASF/sam/utils/cmsis/same70/source/templates/gcc/startup_same70.o
                                                  c:/program files (x86)/atmel/studio/7.0/toolchain/arm/arm-gnu-toolchain/bin/../lib/gcc/arm-none-eabi/6.3.1/../../../../arm-none-eabi/lib/thumb/v7e-m/crt0.o
malloc                                            c:/program files (x86)/atmel/studio/7.0/toolchain/arm/arm-gnu-toolchain/bin/../lib/gcc/arm-none-eabi/6.3.1/../../../../arm-none-eabi/lib/thumb/v7e-m\libc.a(lib_a-__atexit.o)
memset                                            c:/program files (x86)/atmel/studio/7.0/toolchain/arm/arm-gnu-toolchain/bin/../lib/gcc/arm-none-eabi/6.3.1/../../../../arm-none-eabi/lib/thumb/v7e-m\libc.a(lib_a-memset.o)
                                                  c:/program files (x86)/atmel/studio/7.0/toolchain/arm/arm-gnu-toolchain/bin/../lib/gcc/arm-none-eabi/6.3.1/../../../../arm-none-eabi/lib/thumb/v7e-m/crt0.o
mpu_cal_mpu_region_size                           src/ASF/sam/drivers/mpu/mpu.o
mpu_disable_region                                src/ASF/sam/drivers/mpu/mpu.o
mpu_enable                                        src/ASF/sam/drivers/mpu/mpu.o
mpu_set_region                                    src/ASF/sam/drivers/mpu/mpu.o
mpu_set_region_num                                src/ASF/sam/drivers/mpu/mpu.o
mpu_update_regions                                src/ASF/sam/drivers/mpu/mpu.o
pin_toggle                                        src/main.o
pio_capture_disable                               src/ASF/sam/drivers/pio/pio.o
pio_capture_disable_interrupt                     src/ASF/sam/drivers/pio/pio.o
pio_capture_enable                                src/ASF/sam/drivers/pio/pio.o
pio_capture_enable_flag                           src/ASF/sam/drivers/pio/pio.o
pio_capture_enable_interrupt                      src/ASF/sam/drivers/pio/pio.o
pio_capture_get_interrupt_mask                    src/ASF/sam/drivers/pio/pio.o
pio_capture_get_interrupt_status                  src/ASF/sam/drivers/pio/pio.o
pio_capture_read                                  src/ASF/sam/drivers/pio/pio.o
pio_capture_set_mode                              src/ASF/sam/drivers/pio/pio.o